Copyright 1986-2022 Xilinx, Inc. All Rights Reserved. Copyright 2022-2024 Advanced Micro Devices, Inc. All Rights Reserved.
-----------------------------------------------------------------------------------------------------------------------------------------------
| Tool Version : Vivado v.2023.2.2 (win64) Build 4126759 Thu Feb  8 23:53:51 MST 2024
| Date         : Thu May 16 21:57:21 2024
| Host         : IFAT running 64-bit major release  (build 9200)
| Command      : report_methodology -file top_methodology_drc_routed.rpt -pb top_methodology_drc_routed.pb -rpx top_methodology_drc_routed.rpx
| Design       : top
| Device       : xc7a200tfbg484-1
| Speed File   : -1
| Design State : Fully Routed
-----------------------------------------------------------------------------------------------------------------------------------------------

Report Methodology

Table of Contents
-----------------
1. REPORT SUMMARY
2. REPORT DETAILS

1. REPORT SUMMARY
-----------------
            Netlist: netlist
          Floorplan: design_1
      Design limits: <entire design considered>
             Max violations: <unlimited>
             Violations found: 168
+-----------+----------+-------------------------------------------------------------------------------------------------------+------------+
| Rule      | Severity | Description                                                                                           | Violations |
+-----------+----------+-------------------------------------------------------------------------------------------------------+------------+
| LUTAR-1   | Warning  | LUT drives async reset alert                                                                          | 1          |
| TIMING-9  | Warning  | Unknown CDC Logic                                                                                     | 1          |
| TIMING-13 | Warning  | Timing paths ignored due to path segmentation                                                         | 1          |
| TIMING-24 | Warning  | Overridden Max delay datapath only                                                                    | 162        |
| TIMING-47 | Warning  | False path, asynchronous clock group or max delay datapath only constraint between synchronous clocks | 1          |
| XDCH-1    | Warning  | Hold option missing in multicycle path constraint                                                     | 2          |
+-----------+----------+-------------------------------------------------------------------------------------------------------+------------+

2. REPORT DETAILS
-----------------
LUTAR-1#1 Warning
LUT drives async reset alert  
LUT cell OK_IFAT6/inst/okHI/core0/core0/l9ca09c625f64b90bed25f2b6c26f6e53[3]_i_2, with 2 or more inputs, drives asynchronous preset/clear pin(s) OK_IFAT6/inst/okHI/core0/core0/a0/l4f8cd1ab062f5571ff66db47e3d281bf_reg[2]/PRE,
OK_IFAT6/inst/okHI/core0/core0/a0/l4f8cd1ab062f5571ff66db47e3d281bf_reg[3]/PRE,
OK_IFAT6/inst/okHI/core0/core0/a0/l4f8cd1ab062f5571ff66db47e3d281bf_reg[4]/PRE,
OK_IFAT6/inst/okHI/core0/core0/a0/l4f8cd1ab062f5571ff66db47e3d281bf_reg[5]/PRE,
OK_IFAT6/inst/okHI/core0/core0/a0/l4f8cd1ab062f5571ff66db47e3d281bf_reg[6]/PRE,
OK_IFAT6/inst/okHI/core0/core0/a0/l4f8cd1ab062f5571ff66db47e3d281bf_reg[7]/PRE,
OK_IFAT6/inst/okHI/core0/core0/a0/l4f8cd1ab062f5571ff66db47e3d281bf_reg[8]/PRE,
OK_IFAT6/inst/okHI/core0/core0/a0/l4f8cd1ab062f5571ff66db47e3d281bf_reg[9]/CLR,
OK_IFAT6/inst/okHI/core0/core0/a0/l8733ba0cb25077d8c78e1b1549a80eef_reg/CLR,
OK_IFAT6/inst/okHI/core0/core0/a0/l90ce46b343647bab4d280b5afc506219_reg/CLR,
OK_IFAT6/inst/okHI/core0/core0/a0/l9ca09c625f64b90bed25f2b6c26f6e53_reg[0]/CLR,
OK_IFAT6/inst/okHI/core0/core0/a0/l9ca09c625f64b90bed25f2b6c26f6e53_reg[1]/CLR,
OK_IFAT6/inst/okHI/core0/core0/a0/l9ca09c625f64b90bed25f2b6c26f6e53_reg[2]/CLR,
OK_IFAT6/inst/okHI/core0/core0/a0/l9ca09c625f64b90bed25f2b6c26f6e53_reg[3]/CLR,
OK_IFAT6/inst/okHI/core0/core0/a0/le7badcf1256ff8aabbffe7a6a1b38b5f_reg_inv/PRE
 (the first 15 of 60 listed). The LUT may glitch and trigger an unexpected reset, even if it is a properly timed path.
Related violations: <none>

TIMING-9#1 Warning
Unknown CDC Logic  
One or more asynchronous Clock Domain Crossing has been detected between 2 clock domains through a set_false_path or a set_clock_groups or set_max_delay -datapath_only constraint but no double-registers logic synchronizer has been found on the side of the capture clock. It is recommended to run report_cdc for a complete and detailed CDC coverage. Please consider using XPM_CDC to avoid Critical severities
Related violations: <none>

TIMING-13#1 Warning
Timing paths ignored due to path segmentation  
Some timing paths are not reported due to path segmentation on pin(s) Data_Converter_Clocks/inst/mmcm_adv_inst/CLKOUT0. To prevent path segmentation, all the Min and Max delay constraints should be defined with a list of valid startpoints and endpoints
Related violations: <none>

TIMING-24#1 Warning
Overridden Max delay datapath only  
An asynchronous set_clock_groups or a set_false path (see constraint position 17 in the Timing Constraints window in Vivado IDE) between clocks clk_out2_clk_wiz_0 and mmcm0_clk0 overrides a set_max_delay -datapath_only (position 325). It is not recommended to override a set_max_delay -datapath_only constraint. Replace the set_clock_groups or set_false_path between clocks with point-to-point set_false_path constraints
Related violations: <none>

TIMING-24#2 Warning
Overridden Max delay datapath only  
An asynchronous set_clock_groups or a set_false path (see constraint position 17 in the Timing Constraints window in Vivado IDE) between clocks mmcm0_clk0 and clk_out2_clk_wiz_0 overrides a set_max_delay -datapath_only (position 323). It is not recommended to override a set_max_delay -datapath_only constraint. Replace the set_clock_groups or set_false_path between clocks with point-to-point set_false_path constraints
Related violations: <none>

TIMING-24#3 Warning
Overridden Max delay datapath only  
An asynchronous set_clock_groups or a set_false path (see constraint position 57 in the Timing Constraints window in Vivado IDE) between clocks mmcm0_clk0 and VIRTUAL_clk_out1_clk_wiz_0 overrides a set_max_delay -datapath_only (position 104). It is not recommended to override a set_max_delay -datapath_only constraint. Replace the set_clock_groups or set_false_path between clocks with point-to-point set_false_path constraints
Related violations: <none>

TIMING-24#4 Warning
Overridden Max delay datapath only  
An asynchronous set_clock_groups or a set_false path (see constraint position 57 in the Timing Constraints window in Vivado IDE) between clocks mmcm0_clk0 and VIRTUAL_clk_out1_clk_wiz_0 overrides a set_max_delay -datapath_only (position 105). It is not recommended to override a set_max_delay -datapath_only constraint. Replace the set_clock_groups or set_false_path between clocks with point-to-point set_false_path constraints
Related violations: <none>

TIMING-24#5 Warning
Overridden Max delay datapath only  
An asynchronous set_clock_groups or a set_false path (see constraint position 57 in the Timing Constraints window in Vivado IDE) between clocks mmcm0_clk0 and VIRTUAL_clk_out1_clk_wiz_0 overrides a set_max_delay -datapath_only (position 106). It is not recommended to override a set_max_delay -datapath_only constraint. Replace the set_clock_groups or set_false_path between clocks with point-to-point set_false_path constraints
Related violations: <none>

TIMING-24#6 Warning
Overridden Max delay datapath only  
An asynchronous set_clock_groups or a set_false path (see constraint position 57 in the Timing Constraints window in Vivado IDE) between clocks mmcm0_clk0 and VIRTUAL_clk_out1_clk_wiz_0 overrides a set_max_delay -datapath_only (position 107). It is not recommended to override a set_max_delay -datapath_only constraint. Replace the set_clock_groups or set_false_path between clocks with point-to-point set_false_path constraints
Related violations: <none>

TIMING-24#7 Warning
Overridden Max delay datapath only  
An asynchronous set_clock_groups or a set_false path (see constraint position 57 in the Timing Constraints window in Vivado IDE) between clocks mmcm0_clk0 and VIRTUAL_clk_out1_clk_wiz_0 overrides a set_max_delay -datapath_only (position 108). It is not recommended to override a set_max_delay -datapath_only constraint. Replace the set_clock_groups or set_false_path between clocks with point-to-point set_false_path constraints
Related violations: <none>

TIMING-24#8 Warning
Overridden Max delay datapath only  
An asynchronous set_clock_groups or a set_false path (see constraint position 57 in the Timing Constraints window in Vivado IDE) between clocks mmcm0_clk0 and VIRTUAL_clk_out1_clk_wiz_0 overrides a set_max_delay -datapath_only (position 109). It is not recommended to override a set_max_delay -datapath_only constraint. Replace the set_clock_groups or set_false_path between clocks with point-to-point set_false_path constraints
Related violations: <none>

TIMING-24#9 Warning
Overridden Max delay datapath only  
An asynchronous set_clock_groups or a set_false path (see constraint position 57 in the Timing Constraints window in Vivado IDE) between clocks mmcm0_clk0 and VIRTUAL_clk_out1_clk_wiz_0 overrides a set_max_delay -datapath_only (position 110). It is not recommended to override a set_max_delay -datapath_only constraint. Replace the set_clock_groups or set_false_path between clocks with point-to-point set_false_path constraints
Related violations: <none>

TIMING-24#10 Warning
Overridden Max delay datapath only  
An asynchronous set_clock_groups or a set_false path (see constraint position 57 in the Timing Constraints window in Vivado IDE) between clocks mmcm0_clk0 and VIRTUAL_clk_out1_clk_wiz_0 overrides a set_max_delay -datapath_only (position 111). It is not recommended to override a set_max_delay -datapath_only constraint. Replace the set_clock_groups or set_false_path between clocks with point-to-point set_false_path constraints
Related violations: <none>

TIMING-24#11 Warning
Overridden Max delay datapath only  
An asynchronous set_clock_groups or a set_false path (see constraint position 57 in the Timing Constraints window in Vivado IDE) between clocks mmcm0_clk0 and VIRTUAL_clk_out1_clk_wiz_0 overrides a set_max_delay -datapath_only (position 112). It is not recommended to override a set_max_delay -datapath_only constraint. Replace the set_clock_groups or set_false_path between clocks with point-to-point set_false_path constraints
Related violations: <none>

TIMING-24#12 Warning
Overridden Max delay datapath only  
An asynchronous set_clock_groups or a set_false path (see constraint position 57 in the Timing Constraints window in Vivado IDE) between clocks mmcm0_clk0 and VIRTUAL_clk_out1_clk_wiz_0 overrides a set_max_delay -datapath_only (position 113). It is not recommended to override a set_max_delay -datapath_only constraint. Replace the set_clock_groups or set_false_path between clocks with point-to-point set_false_path constraints
Related violations: <none>

TIMING-24#13 Warning
Overridden Max delay datapath only  
An asynchronous set_clock_groups or a set_false path (see constraint position 57 in the Timing Constraints window in Vivado IDE) between clocks mmcm0_clk0 and VIRTUAL_clk_out1_clk_wiz_0 overrides a set_max_delay -datapath_only (position 114). It is not recommended to override a set_max_delay -datapath_only constraint. Replace the set_clock_groups or set_false_path between clocks with point-to-point set_false_path constraints
Related violations: <none>

TIMING-24#14 Warning
Overridden Max delay datapath only  
An asynchronous set_clock_groups or a set_false path (see constraint position 57 in the Timing Constraints window in Vivado IDE) between clocks mmcm0_clk0 and VIRTUAL_clk_out1_clk_wiz_0 overrides a set_max_delay -datapath_only (position 115). It is not recommended to override a set_max_delay -datapath_only constraint. Replace the set_clock_groups or set_false_path between clocks with point-to-point set_false_path constraints
Related violations: <none>

TIMING-24#15 Warning
Overridden Max delay datapath only  
An asynchronous set_clock_groups or a set_false path (see constraint position 57 in the Timing Constraints window in Vivado IDE) between clocks mmcm0_clk0 and VIRTUAL_clk_out1_clk_wiz_0 overrides a set_max_delay -datapath_only (position 116). It is not recommended to override a set_max_delay -datapath_only constraint. Replace the set_clock_groups or set_false_path between clocks with point-to-point set_false_path constraints
Related violations: <none>

TIMING-24#16 Warning
Overridden Max delay datapath only  
An asynchronous set_clock_groups or a set_false path (see constraint position 57 in the Timing Constraints window in Vivado IDE) between clocks mmcm0_clk0 and VIRTUAL_clk_out1_clk_wiz_0 overrides a set_max_delay -datapath_only (position 117). It is not recommended to override a set_max_delay -datapath_only constraint. Replace the set_clock_groups or set_false_path between clocks with point-to-point set_false_path constraints
Related violations: <none>

TIMING-24#17 Warning
Overridden Max delay datapath only  
An asynchronous set_clock_groups or a set_false path (see constraint position 57 in the Timing Constraints window in Vivado IDE) between clocks mmcm0_clk0 and VIRTUAL_clk_out1_clk_wiz_0 overrides a set_max_delay -datapath_only (position 118). It is not recommended to override a set_max_delay -datapath_only constraint. Replace the set_clock_groups or set_false_path between clocks with point-to-point set_false_path constraints
Related violations: <none>

TIMING-24#18 Warning
Overridden Max delay datapath only  
An asynchronous set_clock_groups or a set_false path (see constraint position 57 in the Timing Constraints window in Vivado IDE) between clocks mmcm0_clk0 and VIRTUAL_clk_out1_clk_wiz_0 overrides a set_max_delay -datapath_only (position 119). It is not recommended to override a set_max_delay -datapath_only constraint. Replace the set_clock_groups or set_false_path between clocks with point-to-point set_false_path constraints
Related violations: <none>

TIMING-24#19 Warning
Overridden Max delay datapath only  
An asynchronous set_clock_groups or a set_false path (see constraint position 57 in the Timing Constraints window in Vivado IDE) between clocks mmcm0_clk0 and VIRTUAL_clk_out1_clk_wiz_0 overrides a set_max_delay -datapath_only (position 120). It is not recommended to override a set_max_delay -datapath_only constraint. Replace the set_clock_groups or set_false_path between clocks with point-to-point set_false_path constraints
Related violations: <none>

TIMING-24#20 Warning
Overridden Max delay datapath only  
An asynchronous set_clock_groups or a set_false path (see constraint position 57 in the Timing Constraints window in Vivado IDE) between clocks mmcm0_clk0 and VIRTUAL_clk_out1_clk_wiz_0 overrides a set_max_delay -datapath_only (position 121). It is not recommended to override a set_max_delay -datapath_only constraint. Replace the set_clock_groups or set_false_path between clocks with point-to-point set_false_path constraints
Related violations: <none>

TIMING-24#21 Warning
Overridden Max delay datapath only  
An asynchronous set_clock_groups or a set_false path (see constraint position 57 in the Timing Constraints window in Vivado IDE) between clocks mmcm0_clk0 and VIRTUAL_clk_out1_clk_wiz_0 overrides a set_max_delay -datapath_only (position 122). It is not recommended to override a set_max_delay -datapath_only constraint. Replace the set_clock_groups or set_false_path between clocks with point-to-point set_false_path constraints
Related violations: <none>

TIMING-24#22 Warning
Overridden Max delay datapath only  
An asynchronous set_clock_groups or a set_false path (see constraint position 57 in the Timing Constraints window in Vivado IDE) between clocks mmcm0_clk0 and VIRTUAL_clk_out1_clk_wiz_0 overrides a set_max_delay -datapath_only (position 123). It is not recommended to override a set_max_delay -datapath_only constraint. Replace the set_clock_groups or set_false_path between clocks with point-to-point set_false_path constraints
Related violations: <none>

TIMING-24#23 Warning
Overridden Max delay datapath only  
An asynchronous set_clock_groups or a set_false path (see constraint position 57 in the Timing Constraints window in Vivado IDE) between clocks mmcm0_clk0 and VIRTUAL_clk_out1_clk_wiz_0 overrides a set_max_delay -datapath_only (position 124). It is not recommended to override a set_max_delay -datapath_only constraint. Replace the set_clock_groups or set_false_path between clocks with point-to-point set_false_path constraints
Related violations: <none>

TIMING-24#24 Warning
Overridden Max delay datapath only  
An asynchronous set_clock_groups or a set_false path (see constraint position 57 in the Timing Constraints window in Vivado IDE) between clocks mmcm0_clk0 and VIRTUAL_clk_out1_clk_wiz_0 overrides a set_max_delay -datapath_only (position 125). It is not recommended to override a set_max_delay -datapath_only constraint. Replace the set_clock_groups or set_false_path between clocks with point-to-point set_false_path constraints
Related violations: <none>

TIMING-24#25 Warning
Overridden Max delay datapath only  
An asynchronous set_clock_groups or a set_false path (see constraint position 57 in the Timing Constraints window in Vivado IDE) between clocks mmcm0_clk0 and VIRTUAL_clk_out1_clk_wiz_0 overrides a set_max_delay -datapath_only (position 126). It is not recommended to override a set_max_delay -datapath_only constraint. Replace the set_clock_groups or set_false_path between clocks with point-to-point set_false_path constraints
Related violations: <none>

TIMING-24#26 Warning
Overridden Max delay datapath only  
An asynchronous set_clock_groups or a set_false path (see constraint position 57 in the Timing Constraints window in Vivado IDE) between clocks mmcm0_clk0 and VIRTUAL_clk_out1_clk_wiz_0 overrides a set_max_delay -datapath_only (position 127). It is not recommended to override a set_max_delay -datapath_only constraint. Replace the set_clock_groups or set_false_path between clocks with point-to-point set_false_path constraints
Related violations: <none>

TIMING-24#27 Warning
Overridden Max delay datapath only  
An asynchronous set_clock_groups or a set_false path (see constraint position 57 in the Timing Constraints window in Vivado IDE) between clocks mmcm0_clk0 and VIRTUAL_clk_out1_clk_wiz_0 overrides a set_max_delay -datapath_only (position 128). It is not recommended to override a set_max_delay -datapath_only constraint. Replace the set_clock_groups or set_false_path between clocks with point-to-point set_false_path constraints
Related violations: <none>

TIMING-24#28 Warning
Overridden Max delay datapath only  
An asynchronous set_clock_groups or a set_false path (see constraint position 57 in the Timing Constraints window in Vivado IDE) between clocks mmcm0_clk0 and VIRTUAL_clk_out1_clk_wiz_0 overrides a set_max_delay -datapath_only (position 129). It is not recommended to override a set_max_delay -datapath_only constraint. Replace the set_clock_groups or set_false_path between clocks with point-to-point set_false_path constraints
Related violations: <none>

TIMING-24#29 Warning
Overridden Max delay datapath only  
An asynchronous set_clock_groups or a set_false path (see constraint position 57 in the Timing Constraints window in Vivado IDE) between clocks mmcm0_clk0 and VIRTUAL_clk_out1_clk_wiz_0 overrides a set_max_delay -datapath_only (position 130). It is not recommended to override a set_max_delay -datapath_only constraint. Replace the set_clock_groups or set_false_path between clocks with point-to-point set_false_path constraints
Related violations: <none>

TIMING-24#30 Warning
Overridden Max delay datapath only  
An asynchronous set_clock_groups or a set_false path (see constraint position 57 in the Timing Constraints window in Vivado IDE) between clocks mmcm0_clk0 and VIRTUAL_clk_out1_clk_wiz_0 overrides a set_max_delay -datapath_only (position 131). It is not recommended to override a set_max_delay -datapath_only constraint. Replace the set_clock_groups or set_false_path between clocks with point-to-point set_false_path constraints
Related violations: <none>

TIMING-24#31 Warning
Overridden Max delay datapath only  
An asynchronous set_clock_groups or a set_false path (see constraint position 57 in the Timing Constraints window in Vivado IDE) between clocks mmcm0_clk0 and VIRTUAL_clk_out1_clk_wiz_0 overrides a set_max_delay -datapath_only (position 132). It is not recommended to override a set_max_delay -datapath_only constraint. Replace the set_clock_groups or set_false_path between clocks with point-to-point set_false_path constraints
Related violations: <none>

TIMING-24#32 Warning
Overridden Max delay datapath only  
An asynchronous set_clock_groups or a set_false path (see constraint position 57 in the Timing Constraints window in Vivado IDE) between clocks mmcm0_clk0 and VIRTUAL_clk_out1_clk_wiz_0 overrides a set_max_delay -datapath_only (position 133). It is not recommended to override a set_max_delay -datapath_only constraint. Replace the set_clock_groups or set_false_path between clocks with point-to-point set_false_path constraints
Related violations: <none>

TIMING-24#33 Warning
Overridden Max delay datapath only  
An asynchronous set_clock_groups or a set_false path (see constraint position 57 in the Timing Constraints window in Vivado IDE) between clocks mmcm0_clk0 and VIRTUAL_clk_out1_clk_wiz_0 overrides a set_max_delay -datapath_only (position 134). It is not recommended to override a set_max_delay -datapath_only constraint. Replace the set_clock_groups or set_false_path between clocks with point-to-point set_false_path constraints
Related violations: <none>

TIMING-24#34 Warning
Overridden Max delay datapath only  
An asynchronous set_clock_groups or a set_false path (see constraint position 57 in the Timing Constraints window in Vivado IDE) between clocks mmcm0_clk0 and VIRTUAL_clk_out1_clk_wiz_0 overrides a set_max_delay -datapath_only (position 135). It is not recommended to override a set_max_delay -datapath_only constraint. Replace the set_clock_groups or set_false_path between clocks with point-to-point set_false_path constraints
Related violations: <none>

TIMING-24#35 Warning
Overridden Max delay datapath only  
An asynchronous set_clock_groups or a set_false path (see constraint position 57 in the Timing Constraints window in Vivado IDE) between clocks mmcm0_clk0 and VIRTUAL_clk_out1_clk_wiz_0 overrides a set_max_delay -datapath_only (position 143). It is not recommended to override a set_max_delay -datapath_only constraint. Replace the set_clock_groups or set_false_path between clocks with point-to-point set_false_path constraints
Related violations: <none>

TIMING-24#36 Warning
Overridden Max delay datapath only  
An asynchronous set_clock_groups or a set_false path (see constraint position 57 in the Timing Constraints window in Vivado IDE) between clocks mmcm0_clk0 and VIRTUAL_clk_out1_clk_wiz_0 overrides a set_max_delay -datapath_only (position 144). It is not recommended to override a set_max_delay -datapath_only constraint. Replace the set_clock_groups or set_false_path between clocks with point-to-point set_false_path constraints
Related violations: <none>

TIMING-24#37 Warning
Overridden Max delay datapath only  
An asynchronous set_clock_groups or a set_false path (see constraint position 57 in the Timing Constraints window in Vivado IDE) between clocks mmcm0_clk0 and VIRTUAL_clk_out1_clk_wiz_0 overrides a set_max_delay -datapath_only (position 145). It is not recommended to override a set_max_delay -datapath_only constraint. Replace the set_clock_groups or set_false_path between clocks with point-to-point set_false_path constraints
Related violations: <none>

TIMING-24#38 Warning
Overridden Max delay datapath only  
An asynchronous set_clock_groups or a set_false path (see constraint position 57 in the Timing Constraints window in Vivado IDE) between clocks mmcm0_clk0 and VIRTUAL_clk_out1_clk_wiz_0 overrides a set_max_delay -datapath_only (position 146). It is not recommended to override a set_max_delay -datapath_only constraint. Replace the set_clock_groups or set_false_path between clocks with point-to-point set_false_path constraints
Related violations: <none>

TIMING-24#39 Warning
Overridden Max delay datapath only  
An asynchronous set_clock_groups or a set_false path (see constraint position 57 in the Timing Constraints window in Vivado IDE) between clocks mmcm0_clk0 and VIRTUAL_clk_out1_clk_wiz_0 overrides a set_max_delay -datapath_only (position 147). It is not recommended to override a set_max_delay -datapath_only constraint. Replace the set_clock_groups or set_false_path between clocks with point-to-point set_false_path constraints
Related violations: <none>

TIMING-24#40 Warning
Overridden Max delay datapath only  
An asynchronous set_clock_groups or a set_false path (see constraint position 57 in the Timing Constraints window in Vivado IDE) between clocks mmcm0_clk0 and VIRTUAL_clk_out1_clk_wiz_0 overrides a set_max_delay -datapath_only (position 148). It is not recommended to override a set_max_delay -datapath_only constraint. Replace the set_clock_groups or set_false_path between clocks with point-to-point set_false_path constraints
Related violations: <none>

TIMING-24#41 Warning
Overridden Max delay datapath only  
An asynchronous set_clock_groups or a set_false path (see constraint position 57 in the Timing Constraints window in Vivado IDE) between clocks mmcm0_clk0 and VIRTUAL_clk_out1_clk_wiz_0 overrides a set_max_delay -datapath_only (position 149). It is not recommended to override a set_max_delay -datapath_only constraint. Replace the set_clock_groups or set_false_path between clocks with point-to-point set_false_path constraints
Related violations: <none>

TIMING-24#42 Warning
Overridden Max delay datapath only  
An asynchronous set_clock_groups or a set_false path (see constraint position 57 in the Timing Constraints window in Vivado IDE) between clocks mmcm0_clk0 and VIRTUAL_clk_out1_clk_wiz_0 overrides a set_max_delay -datapath_only (position 150). It is not recommended to override a set_max_delay -datapath_only constraint. Replace the set_clock_groups or set_false_path between clocks with point-to-point set_false_path constraints
Related violations: <none>

TIMING-24#43 Warning
Overridden Max delay datapath only  
An asynchronous set_clock_groups or a set_false path (see constraint position 57 in the Timing Constraints window in Vivado IDE) between clocks mmcm0_clk0 and VIRTUAL_clk_out1_clk_wiz_0 overrides a set_max_delay -datapath_only (position 151). It is not recommended to override a set_max_delay -datapath_only constraint. Replace the set_clock_groups or set_false_path between clocks with point-to-point set_false_path constraints
Related violations: <none>

TIMING-24#44 Warning
Overridden Max delay datapath only  
An asynchronous set_clock_groups or a set_false path (see constraint position 57 in the Timing Constraints window in Vivado IDE) between clocks mmcm0_clk0 and VIRTUAL_clk_out1_clk_wiz_0 overrides a set_max_delay -datapath_only (position 152). It is not recommended to override a set_max_delay -datapath_only constraint. Replace the set_clock_groups or set_false_path between clocks with point-to-point set_false_path constraints
Related violations: <none>

TIMING-24#45 Warning
Overridden Max delay datapath only  
An asynchronous set_clock_groups or a set_false path (see constraint position 57 in the Timing Constraints window in Vivado IDE) between clocks mmcm0_clk0 and VIRTUAL_clk_out1_clk_wiz_0 overrides a set_max_delay -datapath_only (position 153). It is not recommended to override a set_max_delay -datapath_only constraint. Replace the set_clock_groups or set_false_path between clocks with point-to-point set_false_path constraints
Related violations: <none>

TIMING-24#46 Warning
Overridden Max delay datapath only  
An asynchronous set_clock_groups or a set_false path (see constraint position 57 in the Timing Constraints window in Vivado IDE) between clocks mmcm0_clk0 and VIRTUAL_clk_out1_clk_wiz_0 overrides a set_max_delay -datapath_only (position 154). It is not recommended to override a set_max_delay -datapath_only constraint. Replace the set_clock_groups or set_false_path between clocks with point-to-point set_false_path constraints
Related violations: <none>

TIMING-24#47 Warning
Overridden Max delay datapath only  
An asynchronous set_clock_groups or a set_false path (see constraint position 57 in the Timing Constraints window in Vivado IDE) between clocks mmcm0_clk0 and VIRTUAL_clk_out1_clk_wiz_0 overrides a set_max_delay -datapath_only (position 155). It is not recommended to override a set_max_delay -datapath_only constraint. Replace the set_clock_groups or set_false_path between clocks with point-to-point set_false_path constraints
Related violations: <none>

TIMING-24#48 Warning
Overridden Max delay datapath only  
An asynchronous set_clock_groups or a set_false path (see constraint position 57 in the Timing Constraints window in Vivado IDE) between clocks mmcm0_clk0 and VIRTUAL_clk_out1_clk_wiz_0 overrides a set_max_delay -datapath_only (position 156). It is not recommended to override a set_max_delay -datapath_only constraint. Replace the set_clock_groups or set_false_path between clocks with point-to-point set_false_path constraints
Related violations: <none>

TIMING-24#49 Warning
Overridden Max delay datapath only  
An asynchronous set_clock_groups or a set_false path (see constraint position 57 in the Timing Constraints window in Vivado IDE) between clocks mmcm0_clk0 and VIRTUAL_clk_out1_clk_wiz_0 overrides a set_max_delay -datapath_only (position 157). It is not recommended to override a set_max_delay -datapath_only constraint. Replace the set_clock_groups or set_false_path between clocks with point-to-point set_false_path constraints
Related violations: <none>

TIMING-24#50 Warning
Overridden Max delay datapath only  
An asynchronous set_clock_groups or a set_false path (see constraint position 57 in the Timing Constraints window in Vivado IDE) between clocks mmcm0_clk0 and VIRTUAL_clk_out1_clk_wiz_0 overrides a set_max_delay -datapath_only (position 158). It is not recommended to override a set_max_delay -datapath_only constraint. Replace the set_clock_groups or set_false_path between clocks with point-to-point set_false_path constraints
Related violations: <none>

TIMING-24#51 Warning
Overridden Max delay datapath only  
An asynchronous set_clock_groups or a set_false path (see constraint position 57 in the Timing Constraints window in Vivado IDE) between clocks mmcm0_clk0 and VIRTUAL_clk_out1_clk_wiz_0 overrides a set_max_delay -datapath_only (position 159). It is not recommended to override a set_max_delay -datapath_only constraint. Replace the set_clock_groups or set_false_path between clocks with point-to-point set_false_path constraints
Related violations: <none>

TIMING-24#52 Warning
Overridden Max delay datapath only  
An asynchronous set_clock_groups or a set_false path (see constraint position 57 in the Timing Constraints window in Vivado IDE) between clocks mmcm0_clk0 and VIRTUAL_clk_out1_clk_wiz_0 overrides a set_max_delay -datapath_only (position 160). It is not recommended to override a set_max_delay -datapath_only constraint. Replace the set_clock_groups or set_false_path between clocks with point-to-point set_false_path constraints
Related violations: <none>

TIMING-24#53 Warning
Overridden Max delay datapath only  
An asynchronous set_clock_groups or a set_false path (see constraint position 57 in the Timing Constraints window in Vivado IDE) between clocks mmcm0_clk0 and VIRTUAL_clk_out1_clk_wiz_0 overrides a set_max_delay -datapath_only (position 161). It is not recommended to override a set_max_delay -datapath_only constraint. Replace the set_clock_groups or set_false_path between clocks with point-to-point set_false_path constraints
Related violations: <none>

TIMING-24#54 Warning
Overridden Max delay datapath only  
An asynchronous set_clock_groups or a set_false path (see constraint position 57 in the Timing Constraints window in Vivado IDE) between clocks mmcm0_clk0 and VIRTUAL_clk_out1_clk_wiz_0 overrides a set_max_delay -datapath_only (position 162). It is not recommended to override a set_max_delay -datapath_only constraint. Replace the set_clock_groups or set_false_path between clocks with point-to-point set_false_path constraints
Related violations: <none>

TIMING-24#55 Warning
Overridden Max delay datapath only  
An asynchronous set_clock_groups or a set_false path (see constraint position 57 in the Timing Constraints window in Vivado IDE) between clocks mmcm0_clk0 and VIRTUAL_clk_out1_clk_wiz_0 overrides a set_max_delay -datapath_only (position 163). It is not recommended to override a set_max_delay -datapath_only constraint. Replace the set_clock_groups or set_false_path between clocks with point-to-point set_false_path constraints
Related violations: <none>

TIMING-24#56 Warning
Overridden Max delay datapath only  
An asynchronous set_clock_groups or a set_false path (see constraint position 57 in the Timing Constraints window in Vivado IDE) between clocks mmcm0_clk0 and VIRTUAL_clk_out1_clk_wiz_0 overrides a set_max_delay -datapath_only (position 164). It is not recommended to override a set_max_delay -datapath_only constraint. Replace the set_clock_groups or set_false_path between clocks with point-to-point set_false_path constraints
Related violations: <none>

TIMING-24#57 Warning
Overridden Max delay datapath only  
An asynchronous set_clock_groups or a set_false path (see constraint position 57 in the Timing Constraints window in Vivado IDE) between clocks mmcm0_clk0 and VIRTUAL_clk_out1_clk_wiz_0 overrides a set_max_delay -datapath_only (position 165). It is not recommended to override a set_max_delay -datapath_only constraint. Replace the set_clock_groups or set_false_path between clocks with point-to-point set_false_path constraints
Related violations: <none>

TIMING-24#58 Warning
Overridden Max delay datapath only  
An asynchronous set_clock_groups or a set_false path (see constraint position 57 in the Timing Constraints window in Vivado IDE) between clocks mmcm0_clk0 and VIRTUAL_clk_out1_clk_wiz_0 overrides a set_max_delay -datapath_only (position 166). It is not recommended to override a set_max_delay -datapath_only constraint. Replace the set_clock_groups or set_false_path between clocks with point-to-point set_false_path constraints
Related violations: <none>

TIMING-24#59 Warning
Overridden Max delay datapath only  
An asynchronous set_clock_groups or a set_false path (see constraint position 57 in the Timing Constraints window in Vivado IDE) between clocks mmcm0_clk0 and VIRTUAL_clk_out1_clk_wiz_0 overrides a set_max_delay -datapath_only (position 167). It is not recommended to override a set_max_delay -datapath_only constraint. Replace the set_clock_groups or set_false_path between clocks with point-to-point set_false_path constraints
Related violations: <none>

TIMING-24#60 Warning
Overridden Max delay datapath only  
An asynchronous set_clock_groups or a set_false path (see constraint position 57 in the Timing Constraints window in Vivado IDE) between clocks mmcm0_clk0 and VIRTUAL_clk_out1_clk_wiz_0 overrides a set_max_delay -datapath_only (position 168). It is not recommended to override a set_max_delay -datapath_only constraint. Replace the set_clock_groups or set_false_path between clocks with point-to-point set_false_path constraints
Related violations: <none>

TIMING-24#61 Warning
Overridden Max delay datapath only  
An asynchronous set_clock_groups or a set_false path (see constraint position 57 in the Timing Constraints window in Vivado IDE) between clocks mmcm0_clk0 and VIRTUAL_clk_out1_clk_wiz_0 overrides a set_max_delay -datapath_only (position 169). It is not recommended to override a set_max_delay -datapath_only constraint. Replace the set_clock_groups or set_false_path between clocks with point-to-point set_false_path constraints
Related violations: <none>

TIMING-24#62 Warning
Overridden Max delay datapath only  
An asynchronous set_clock_groups or a set_false path (see constraint position 57 in the Timing Constraints window in Vivado IDE) between clocks mmcm0_clk0 and VIRTUAL_clk_out1_clk_wiz_0 overrides a set_max_delay -datapath_only (position 170). It is not recommended to override a set_max_delay -datapath_only constraint. Replace the set_clock_groups or set_false_path between clocks with point-to-point set_false_path constraints
Related violations: <none>

TIMING-24#63 Warning
Overridden Max delay datapath only  
An asynchronous set_clock_groups or a set_false path (see constraint position 57 in the Timing Constraints window in Vivado IDE) between clocks mmcm0_clk0 and VIRTUAL_clk_out1_clk_wiz_0 overrides a set_max_delay -datapath_only (position 171). It is not recommended to override a set_max_delay -datapath_only constraint. Replace the set_clock_groups or set_false_path between clocks with point-to-point set_false_path constraints
Related violations: <none>

TIMING-24#64 Warning
Overridden Max delay datapath only  
An asynchronous set_clock_groups or a set_false path (see constraint position 57 in the Timing Constraints window in Vivado IDE) between clocks mmcm0_clk0 and VIRTUAL_clk_out1_clk_wiz_0 overrides a set_max_delay -datapath_only (position 172). It is not recommended to override a set_max_delay -datapath_only constraint. Replace the set_clock_groups or set_false_path between clocks with point-to-point set_false_path constraints
Related violations: <none>

TIMING-24#65 Warning
Overridden Max delay datapath only  
An asynchronous set_clock_groups or a set_false path (see constraint position 57 in the Timing Constraints window in Vivado IDE) between clocks mmcm0_clk0 and VIRTUAL_clk_out1_clk_wiz_0 overrides a set_max_delay -datapath_only (position 173). It is not recommended to override a set_max_delay -datapath_only constraint. Replace the set_clock_groups or set_false_path between clocks with point-to-point set_false_path constraints
Related violations: <none>

TIMING-24#66 Warning
Overridden Max delay datapath only  
An asynchronous set_clock_groups or a set_false path (see constraint position 57 in the Timing Constraints window in Vivado IDE) between clocks mmcm0_clk0 and VIRTUAL_clk_out1_clk_wiz_0 overrides a set_max_delay -datapath_only (position 174). It is not recommended to override a set_max_delay -datapath_only constraint. Replace the set_clock_groups or set_false_path between clocks with point-to-point set_false_path constraints
Related violations: <none>

TIMING-24#67 Warning
Overridden Max delay datapath only  
An asynchronous set_clock_groups or a set_false path (see constraint position 57 in the Timing Constraints window in Vivado IDE) between clocks mmcm0_clk0 and VIRTUAL_clk_out1_clk_wiz_0 overrides a set_max_delay -datapath_only (position 182). It is not recommended to override a set_max_delay -datapath_only constraint. Replace the set_clock_groups or set_false_path between clocks with point-to-point set_false_path constraints
Related violations: <none>

TIMING-24#68 Warning
Overridden Max delay datapath only  
An asynchronous set_clock_groups or a set_false path (see constraint position 57 in the Timing Constraints window in Vivado IDE) between clocks mmcm0_clk0 and VIRTUAL_clk_out1_clk_wiz_0 overrides a set_max_delay -datapath_only (position 183). It is not recommended to override a set_max_delay -datapath_only constraint. Replace the set_clock_groups or set_false_path between clocks with point-to-point set_false_path constraints
Related violations: <none>

TIMING-24#69 Warning
Overridden Max delay datapath only  
An asynchronous set_clock_groups or a set_false path (see constraint position 57 in the Timing Constraints window in Vivado IDE) between clocks mmcm0_clk0 and VIRTUAL_clk_out1_clk_wiz_0 overrides a set_max_delay -datapath_only (position 184). It is not recommended to override a set_max_delay -datapath_only constraint. Replace the set_clock_groups or set_false_path between clocks with point-to-point set_false_path constraints
Related violations: <none>

TIMING-24#70 Warning
Overridden Max delay datapath only  
An asynchronous set_clock_groups or a set_false path (see constraint position 57 in the Timing Constraints window in Vivado IDE) between clocks mmcm0_clk0 and VIRTUAL_clk_out1_clk_wiz_0 overrides a set_max_delay -datapath_only (position 185). It is not recommended to override a set_max_delay -datapath_only constraint. Replace the set_clock_groups or set_false_path between clocks with point-to-point set_false_path constraints
Related violations: <none>

TIMING-24#71 Warning
Overridden Max delay datapath only  
An asynchronous set_clock_groups or a set_false path (see constraint position 57 in the Timing Constraints window in Vivado IDE) between clocks mmcm0_clk0 and VIRTUAL_clk_out1_clk_wiz_0 overrides a set_max_delay -datapath_only (position 186). It is not recommended to override a set_max_delay -datapath_only constraint. Replace the set_clock_groups or set_false_path between clocks with point-to-point set_false_path constraints
Related violations: <none>

TIMING-24#72 Warning
Overridden Max delay datapath only  
An asynchronous set_clock_groups or a set_false path (see constraint position 57 in the Timing Constraints window in Vivado IDE) between clocks mmcm0_clk0 and VIRTUAL_clk_out1_clk_wiz_0 overrides a set_max_delay -datapath_only (position 187). It is not recommended to override a set_max_delay -datapath_only constraint. Replace the set_clock_groups or set_false_path between clocks with point-to-point set_false_path constraints
Related violations: <none>

TIMING-24#73 Warning
Overridden Max delay datapath only  
An asynchronous set_clock_groups or a set_false path (see constraint position 57 in the Timing Constraints window in Vivado IDE) between clocks mmcm0_clk0 and VIRTUAL_clk_out1_clk_wiz_0 overrides a set_max_delay -datapath_only (position 188). It is not recommended to override a set_max_delay -datapath_only constraint. Replace the set_clock_groups or set_false_path between clocks with point-to-point set_false_path constraints
Related violations: <none>

TIMING-24#74 Warning
Overridden Max delay datapath only  
An asynchronous set_clock_groups or a set_false path (see constraint position 57 in the Timing Constraints window in Vivado IDE) between clocks mmcm0_clk0 and VIRTUAL_clk_out1_clk_wiz_0 overrides a set_max_delay -datapath_only (position 189). It is not recommended to override a set_max_delay -datapath_only constraint. Replace the set_clock_groups or set_false_path between clocks with point-to-point set_false_path constraints
Related violations: <none>

TIMING-24#75 Warning
Overridden Max delay datapath only  
An asynchronous set_clock_groups or a set_false path (see constraint position 57 in the Timing Constraints window in Vivado IDE) between clocks mmcm0_clk0 and VIRTUAL_clk_out1_clk_wiz_0 overrides a set_max_delay -datapath_only (position 190). It is not recommended to override a set_max_delay -datapath_only constraint. Replace the set_clock_groups or set_false_path between clocks with point-to-point set_false_path constraints
Related violations: <none>

TIMING-24#76 Warning
Overridden Max delay datapath only  
An asynchronous set_clock_groups or a set_false path (see constraint position 57 in the Timing Constraints window in Vivado IDE) between clocks mmcm0_clk0 and VIRTUAL_clk_out1_clk_wiz_0 overrides a set_max_delay -datapath_only (position 191). It is not recommended to override a set_max_delay -datapath_only constraint. Replace the set_clock_groups or set_false_path between clocks with point-to-point set_false_path constraints
Related violations: <none>

TIMING-24#77 Warning
Overridden Max delay datapath only  
An asynchronous set_clock_groups or a set_false path (see constraint position 57 in the Timing Constraints window in Vivado IDE) between clocks mmcm0_clk0 and VIRTUAL_clk_out1_clk_wiz_0 overrides a set_max_delay -datapath_only (position 192). It is not recommended to override a set_max_delay -datapath_only constraint. Replace the set_clock_groups or set_false_path between clocks with point-to-point set_false_path constraints
Related violations: <none>

TIMING-24#78 Warning
Overridden Max delay datapath only  
An asynchronous set_clock_groups or a set_false path (see constraint position 57 in the Timing Constraints window in Vivado IDE) between clocks mmcm0_clk0 and VIRTUAL_clk_out1_clk_wiz_0 overrides a set_max_delay -datapath_only (position 193). It is not recommended to override a set_max_delay -datapath_only constraint. Replace the set_clock_groups or set_false_path between clocks with point-to-point set_false_path constraints
Related violations: <none>

TIMING-24#79 Warning
Overridden Max delay datapath only  
An asynchronous set_clock_groups or a set_false path (see constraint position 57 in the Timing Constraints window in Vivado IDE) between clocks mmcm0_clk0 and VIRTUAL_clk_out1_clk_wiz_0 overrides a set_max_delay -datapath_only (position 194). It is not recommended to override a set_max_delay -datapath_only constraint. Replace the set_clock_groups or set_false_path between clocks with point-to-point set_false_path constraints
Related violations: <none>

TIMING-24#80 Warning
Overridden Max delay datapath only  
An asynchronous set_clock_groups or a set_false path (see constraint position 57 in the Timing Constraints window in Vivado IDE) between clocks mmcm0_clk0 and VIRTUAL_clk_out1_clk_wiz_0 overrides a set_max_delay -datapath_only (position 195). It is not recommended to override a set_max_delay -datapath_only constraint. Replace the set_clock_groups or set_false_path between clocks with point-to-point set_false_path constraints
Related violations: <none>

TIMING-24#81 Warning
Overridden Max delay datapath only  
An asynchronous set_clock_groups or a set_false path (see constraint position 57 in the Timing Constraints window in Vivado IDE) between clocks mmcm0_clk0 and VIRTUAL_clk_out1_clk_wiz_0 overrides a set_max_delay -datapath_only (position 196). It is not recommended to override a set_max_delay -datapath_only constraint. Replace the set_clock_groups or set_false_path between clocks with point-to-point set_false_path constraints
Related violations: <none>

TIMING-24#82 Warning
Overridden Max delay datapath only  
An asynchronous set_clock_groups or a set_false path (see constraint position 57 in the Timing Constraints window in Vivado IDE) between clocks mmcm0_clk0 and VIRTUAL_clk_out1_clk_wiz_0 overrides a set_max_delay -datapath_only (position 197). It is not recommended to override a set_max_delay -datapath_only constraint. Replace the set_clock_groups or set_false_path between clocks with point-to-point set_false_path constraints
Related violations: <none>

TIMING-24#83 Warning
Overridden Max delay datapath only  
An asynchronous set_clock_groups or a set_false path (see constraint position 57 in the Timing Constraints window in Vivado IDE) between clocks mmcm0_clk0 and VIRTUAL_clk_out1_clk_wiz_0 overrides a set_max_delay -datapath_only (position 198). It is not recommended to override a set_max_delay -datapath_only constraint. Replace the set_clock_groups or set_false_path between clocks with point-to-point set_false_path constraints
Related violations: <none>

TIMING-24#84 Warning
Overridden Max delay datapath only  
An asynchronous set_clock_groups or a set_false path (see constraint position 57 in the Timing Constraints window in Vivado IDE) between clocks mmcm0_clk0 and VIRTUAL_clk_out1_clk_wiz_0 overrides a set_max_delay -datapath_only (position 199). It is not recommended to override a set_max_delay -datapath_only constraint. Replace the set_clock_groups or set_false_path between clocks with point-to-point set_false_path constraints
Related violations: <none>

TIMING-24#85 Warning
Overridden Max delay datapath only  
An asynchronous set_clock_groups or a set_false path (see constraint position 57 in the Timing Constraints window in Vivado IDE) between clocks mmcm0_clk0 and VIRTUAL_clk_out1_clk_wiz_0 overrides a set_max_delay -datapath_only (position 200). It is not recommended to override a set_max_delay -datapath_only constraint. Replace the set_clock_groups or set_false_path between clocks with point-to-point set_false_path constraints
Related violations: <none>

TIMING-24#86 Warning
Overridden Max delay datapath only  
An asynchronous set_clock_groups or a set_false path (see constraint position 57 in the Timing Constraints window in Vivado IDE) between clocks mmcm0_clk0 and VIRTUAL_clk_out1_clk_wiz_0 overrides a set_max_delay -datapath_only (position 201). It is not recommended to override a set_max_delay -datapath_only constraint. Replace the set_clock_groups or set_false_path between clocks with point-to-point set_false_path constraints
Related violations: <none>

TIMING-24#87 Warning
Overridden Max delay datapath only  
An asynchronous set_clock_groups or a set_false path (see constraint position 57 in the Timing Constraints window in Vivado IDE) between clocks mmcm0_clk0 and VIRTUAL_clk_out1_clk_wiz_0 overrides a set_max_delay -datapath_only (position 202). It is not recommended to override a set_max_delay -datapath_only constraint. Replace the set_clock_groups or set_false_path between clocks with point-to-point set_false_path constraints
Related violations: <none>

TIMING-24#88 Warning
Overridden Max delay datapath only  
An asynchronous set_clock_groups or a set_false path (see constraint position 57 in the Timing Constraints window in Vivado IDE) between clocks mmcm0_clk0 and VIRTUAL_clk_out1_clk_wiz_0 overrides a set_max_delay -datapath_only (position 203). It is not recommended to override a set_max_delay -datapath_only constraint. Replace the set_clock_groups or set_false_path between clocks with point-to-point set_false_path constraints
Related violations: <none>

TIMING-24#89 Warning
Overridden Max delay datapath only  
An asynchronous set_clock_groups or a set_false path (see constraint position 57 in the Timing Constraints window in Vivado IDE) between clocks mmcm0_clk0 and VIRTUAL_clk_out1_clk_wiz_0 overrides a set_max_delay -datapath_only (position 204). It is not recommended to override a set_max_delay -datapath_only constraint. Replace the set_clock_groups or set_false_path between clocks with point-to-point set_false_path constraints
Related violations: <none>

TIMING-24#90 Warning
Overridden Max delay datapath only  
An asynchronous set_clock_groups or a set_false path (see constraint position 57 in the Timing Constraints window in Vivado IDE) between clocks mmcm0_clk0 and VIRTUAL_clk_out1_clk_wiz_0 overrides a set_max_delay -datapath_only (position 205). It is not recommended to override a set_max_delay -datapath_only constraint. Replace the set_clock_groups or set_false_path between clocks with point-to-point set_false_path constraints
Related violations: <none>

TIMING-24#91 Warning
Overridden Max delay datapath only  
An asynchronous set_clock_groups or a set_false path (see constraint position 57 in the Timing Constraints window in Vivado IDE) between clocks mmcm0_clk0 and VIRTUAL_clk_out1_clk_wiz_0 overrides a set_max_delay -datapath_only (position 206). It is not recommended to override a set_max_delay -datapath_only constraint. Replace the set_clock_groups or set_false_path between clocks with point-to-point set_false_path constraints
Related violations: <none>

TIMING-24#92 Warning
Overridden Max delay datapath only  
An asynchronous set_clock_groups or a set_false path (see constraint position 57 in the Timing Constraints window in Vivado IDE) between clocks mmcm0_clk0 and VIRTUAL_clk_out1_clk_wiz_0 overrides a set_max_delay -datapath_only (position 207). It is not recommended to override a set_max_delay -datapath_only constraint. Replace the set_clock_groups or set_false_path between clocks with point-to-point set_false_path constraints
Related violations: <none>

TIMING-24#93 Warning
Overridden Max delay datapath only  
An asynchronous set_clock_groups or a set_false path (see constraint position 57 in the Timing Constraints window in Vivado IDE) between clocks mmcm0_clk0 and VIRTUAL_clk_out1_clk_wiz_0 overrides a set_max_delay -datapath_only (position 208). It is not recommended to override a set_max_delay -datapath_only constraint. Replace the set_clock_groups or set_false_path between clocks with point-to-point set_false_path constraints
Related violations: <none>

TIMING-24#94 Warning
Overridden Max delay datapath only  
An asynchronous set_clock_groups or a set_false path (see constraint position 57 in the Timing Constraints window in Vivado IDE) between clocks mmcm0_clk0 and VIRTUAL_clk_out1_clk_wiz_0 overrides a set_max_delay -datapath_only (position 209). It is not recommended to override a set_max_delay -datapath_only constraint. Replace the set_clock_groups or set_false_path between clocks with point-to-point set_false_path constraints
Related violations: <none>

TIMING-24#95 Warning
Overridden Max delay datapath only  
An asynchronous set_clock_groups or a set_false path (see constraint position 57 in the Timing Constraints window in Vivado IDE) between clocks mmcm0_clk0 and VIRTUAL_clk_out1_clk_wiz_0 overrides a set_max_delay -datapath_only (position 210). It is not recommended to override a set_max_delay -datapath_only constraint. Replace the set_clock_groups or set_false_path between clocks with point-to-point set_false_path constraints
Related violations: <none>

TIMING-24#96 Warning
Overridden Max delay datapath only  
An asynchronous set_clock_groups or a set_false path (see constraint position 57 in the Timing Constraints window in Vivado IDE) between clocks mmcm0_clk0 and VIRTUAL_clk_out1_clk_wiz_0 overrides a set_max_delay -datapath_only (position 211). It is not recommended to override a set_max_delay -datapath_only constraint. Replace the set_clock_groups or set_false_path between clocks with point-to-point set_false_path constraints
Related violations: <none>

TIMING-24#97 Warning
Overridden Max delay datapath only  
An asynchronous set_clock_groups or a set_false path (see constraint position 57 in the Timing Constraints window in Vivado IDE) between clocks mmcm0_clk0 and VIRTUAL_clk_out1_clk_wiz_0 overrides a set_max_delay -datapath_only (position 212). It is not recommended to override a set_max_delay -datapath_only constraint. Replace the set_clock_groups or set_false_path between clocks with point-to-point set_false_path constraints
Related violations: <none>

TIMING-24#98 Warning
Overridden Max delay datapath only  
An asynchronous set_clock_groups or a set_false path (see constraint position 57 in the Timing Constraints window in Vivado IDE) between clocks mmcm0_clk0 and VIRTUAL_clk_out1_clk_wiz_0 overrides a set_max_delay -datapath_only (position 213). It is not recommended to override a set_max_delay -datapath_only constraint. Replace the set_clock_groups or set_false_path between clocks with point-to-point set_false_path constraints
Related violations: <none>

TIMING-24#99 Warning
Overridden Max delay datapath only  
An asynchronous set_clock_groups or a set_false path (see constraint position 57 in the Timing Constraints window in Vivado IDE) between clocks mmcm0_clk0 and VIRTUAL_clk_out1_clk_wiz_0 overrides a set_max_delay -datapath_only (position 221). It is not recommended to override a set_max_delay -datapath_only constraint. Replace the set_clock_groups or set_false_path between clocks with point-to-point set_false_path constraints
Related violations: <none>

TIMING-24#100 Warning
Overridden Max delay datapath only  
An asynchronous set_clock_groups or a set_false path (see constraint position 57 in the Timing Constraints window in Vivado IDE) between clocks mmcm0_clk0 and VIRTUAL_clk_out1_clk_wiz_0 overrides a set_max_delay -datapath_only (position 222). It is not recommended to override a set_max_delay -datapath_only constraint. Replace the set_clock_groups or set_false_path between clocks with point-to-point set_false_path constraints
Related violations: <none>

TIMING-24#101 Warning
Overridden Max delay datapath only  
An asynchronous set_clock_groups or a set_false path (see constraint position 57 in the Timing Constraints window in Vivado IDE) between clocks mmcm0_clk0 and VIRTUAL_clk_out1_clk_wiz_0 overrides a set_max_delay -datapath_only (position 223). It is not recommended to override a set_max_delay -datapath_only constraint. Replace the set_clock_groups or set_false_path between clocks with point-to-point set_false_path constraints
Related violations: <none>

TIMING-24#102 Warning
Overridden Max delay datapath only  
An asynchronous set_clock_groups or a set_false path (see constraint position 57 in the Timing Constraints window in Vivado IDE) between clocks mmcm0_clk0 and VIRTUAL_clk_out1_clk_wiz_0 overrides a set_max_delay -datapath_only (position 224). It is not recommended to override a set_max_delay -datapath_only constraint. Replace the set_clock_groups or set_false_path between clocks with point-to-point set_false_path constraints
Related violations: <none>

TIMING-24#103 Warning
Overridden Max delay datapath only  
An asynchronous set_clock_groups or a set_false path (see constraint position 57 in the Timing Constraints window in Vivado IDE) between clocks mmcm0_clk0 and VIRTUAL_clk_out1_clk_wiz_0 overrides a set_max_delay -datapath_only (position 225). It is not recommended to override a set_max_delay -datapath_only constraint. Replace the set_clock_groups or set_false_path between clocks with point-to-point set_false_path constraints
Related violations: <none>

TIMING-24#104 Warning
Overridden Max delay datapath only  
An asynchronous set_clock_groups or a set_false path (see constraint position 57 in the Timing Constraints window in Vivado IDE) between clocks mmcm0_clk0 and VIRTUAL_clk_out1_clk_wiz_0 overrides a set_max_delay -datapath_only (position 226). It is not recommended to override a set_max_delay -datapath_only constraint. Replace the set_clock_groups or set_false_path between clocks with point-to-point set_false_path constraints
Related violations: <none>

TIMING-24#105 Warning
Overridden Max delay datapath only  
An asynchronous set_clock_groups or a set_false path (see constraint position 57 in the Timing Constraints window in Vivado IDE) between clocks mmcm0_clk0 and VIRTUAL_clk_out1_clk_wiz_0 overrides a set_max_delay -datapath_only (position 227). It is not recommended to override a set_max_delay -datapath_only constraint. Replace the set_clock_groups or set_false_path between clocks with point-to-point set_false_path constraints
Related violations: <none>

TIMING-24#106 Warning
Overridden Max delay datapath only  
An asynchronous set_clock_groups or a set_false path (see constraint position 57 in the Timing Constraints window in Vivado IDE) between clocks mmcm0_clk0 and VIRTUAL_clk_out1_clk_wiz_0 overrides a set_max_delay -datapath_only (position 228). It is not recommended to override a set_max_delay -datapath_only constraint. Replace the set_clock_groups or set_false_path between clocks with point-to-point set_false_path constraints
Related violations: <none>

TIMING-24#107 Warning
Overridden Max delay datapath only  
An asynchronous set_clock_groups or a set_false path (see constraint position 57 in the Timing Constraints window in Vivado IDE) between clocks mmcm0_clk0 and VIRTUAL_clk_out1_clk_wiz_0 overrides a set_max_delay -datapath_only (position 229). It is not recommended to override a set_max_delay -datapath_only constraint. Replace the set_clock_groups or set_false_path between clocks with point-to-point set_false_path constraints
Related violations: <none>

TIMING-24#108 Warning
Overridden Max delay datapath only  
An asynchronous set_clock_groups or a set_false path (see constraint position 57 in the Timing Constraints window in Vivado IDE) between clocks mmcm0_clk0 and VIRTUAL_clk_out1_clk_wiz_0 overrides a set_max_delay -datapath_only (position 230). It is not recommended to override a set_max_delay -datapath_only constraint. Replace the set_clock_groups or set_false_path between clocks with point-to-point set_false_path constraints
Related violations: <none>

TIMING-24#109 Warning
Overridden Max delay datapath only  
An asynchronous set_clock_groups or a set_false path (see constraint position 57 in the Timing Constraints window in Vivado IDE) between clocks mmcm0_clk0 and VIRTUAL_clk_out1_clk_wiz_0 overrides a set_max_delay -datapath_only (position 231). It is not recommended to override a set_max_delay -datapath_only constraint. Replace the set_clock_groups or set_false_path between clocks with point-to-point set_false_path constraints
Related violations: <none>

TIMING-24#110 Warning
Overridden Max delay datapath only  
An asynchronous set_clock_groups or a set_false path (see constraint position 57 in the Timing Constraints window in Vivado IDE) between clocks mmcm0_clk0 and VIRTUAL_clk_out1_clk_wiz_0 overrides a set_max_delay -datapath_only (position 232). It is not recommended to override a set_max_delay -datapath_only constraint. Replace the set_clock_groups or set_false_path between clocks with point-to-point set_false_path constraints
Related violations: <none>

TIMING-24#111 Warning
Overridden Max delay datapath only  
An asynchronous set_clock_groups or a set_false path (see constraint position 57 in the Timing Constraints window in Vivado IDE) between clocks mmcm0_clk0 and VIRTUAL_clk_out1_clk_wiz_0 overrides a set_max_delay -datapath_only (position 233). It is not recommended to override a set_max_delay -datapath_only constraint. Replace the set_clock_groups or set_false_path between clocks with point-to-point set_false_path constraints
Related violations: <none>

TIMING-24#112 Warning
Overridden Max delay datapath only  
An asynchronous set_clock_groups or a set_false path (see constraint position 57 in the Timing Constraints window in Vivado IDE) between clocks mmcm0_clk0 and VIRTUAL_clk_out1_clk_wiz_0 overrides a set_max_delay -datapath_only (position 234). It is not recommended to override a set_max_delay -datapath_only constraint. Replace the set_clock_groups or set_false_path between clocks with point-to-point set_false_path constraints
Related violations: <none>

TIMING-24#113 Warning
Overridden Max delay datapath only  
An asynchronous set_clock_groups or a set_false path (see constraint position 57 in the Timing Constraints window in Vivado IDE) between clocks mmcm0_clk0 and VIRTUAL_clk_out1_clk_wiz_0 overrides a set_max_delay -datapath_only (position 235). It is not recommended to override a set_max_delay -datapath_only constraint. Replace the set_clock_groups or set_false_path between clocks with point-to-point set_false_path constraints
Related violations: <none>

TIMING-24#114 Warning
Overridden Max delay datapath only  
An asynchronous set_clock_groups or a set_false path (see constraint position 57 in the Timing Constraints window in Vivado IDE) between clocks mmcm0_clk0 and VIRTUAL_clk_out1_clk_wiz_0 overrides a set_max_delay -datapath_only (position 236). It is not recommended to override a set_max_delay -datapath_only constraint. Replace the set_clock_groups or set_false_path between clocks with point-to-point set_false_path constraints
Related violations: <none>

TIMING-24#115 Warning
Overridden Max delay datapath only  
An asynchronous set_clock_groups or a set_false path (see constraint position 57 in the Timing Constraints window in Vivado IDE) between clocks mmcm0_clk0 and VIRTUAL_clk_out1_clk_wiz_0 overrides a set_max_delay -datapath_only (position 237). It is not recommended to override a set_max_delay -datapath_only constraint. Replace the set_clock_groups or set_false_path between clocks with point-to-point set_false_path constraints
Related violations: <none>

TIMING-24#116 Warning
Overridden Max delay datapath only  
An asynchronous set_clock_groups or a set_false path (see constraint position 57 in the Timing Constraints window in Vivado IDE) between clocks mmcm0_clk0 and VIRTUAL_clk_out1_clk_wiz_0 overrides a set_max_delay -datapath_only (position 238). It is not recommended to override a set_max_delay -datapath_only constraint. Replace the set_clock_groups or set_false_path between clocks with point-to-point set_false_path constraints
Related violations: <none>

TIMING-24#117 Warning
Overridden Max delay datapath only  
An asynchronous set_clock_groups or a set_false path (see constraint position 57 in the Timing Constraints window in Vivado IDE) between clocks mmcm0_clk0 and VIRTUAL_clk_out1_clk_wiz_0 overrides a set_max_delay -datapath_only (position 239). It is not recommended to override a set_max_delay -datapath_only constraint. Replace the set_clock_groups or set_false_path between clocks with point-to-point set_false_path constraints
Related violations: <none>

TIMING-24#118 Warning
Overridden Max delay datapath only  
An asynchronous set_clock_groups or a set_false path (see constraint position 57 in the Timing Constraints window in Vivado IDE) between clocks mmcm0_clk0 and VIRTUAL_clk_out1_clk_wiz_0 overrides a set_max_delay -datapath_only (position 240). It is not recommended to override a set_max_delay -datapath_only constraint. Replace the set_clock_groups or set_false_path between clocks with point-to-point set_false_path constraints
Related violations: <none>

TIMING-24#119 Warning
Overridden Max delay datapath only  
An asynchronous set_clock_groups or a set_false path (see constraint position 57 in the Timing Constraints window in Vivado IDE) between clocks mmcm0_clk0 and VIRTUAL_clk_out1_clk_wiz_0 overrides a set_max_delay -datapath_only (position 241). It is not recommended to override a set_max_delay -datapath_only constraint. Replace the set_clock_groups or set_false_path between clocks with point-to-point set_false_path constraints
Related violations: <none>

TIMING-24#120 Warning
Overridden Max delay datapath only  
An asynchronous set_clock_groups or a set_false path (see constraint position 57 in the Timing Constraints window in Vivado IDE) between clocks mmcm0_clk0 and VIRTUAL_clk_out1_clk_wiz_0 overrides a set_max_delay -datapath_only (position 242). It is not recommended to override a set_max_delay -datapath_only constraint. Replace the set_clock_groups or set_false_path between clocks with point-to-point set_false_path constraints
Related violations: <none>

TIMING-24#121 Warning
Overridden Max delay datapath only  
An asynchronous set_clock_groups or a set_false path (see constraint position 57 in the Timing Constraints window in Vivado IDE) between clocks mmcm0_clk0 and VIRTUAL_clk_out1_clk_wiz_0 overrides a set_max_delay -datapath_only (position 243). It is not recommended to override a set_max_delay -datapath_only constraint. Replace the set_clock_groups or set_false_path between clocks with point-to-point set_false_path constraints
Related violations: <none>

TIMING-24#122 Warning
Overridden Max delay datapath only  
An asynchronous set_clock_groups or a set_false path (see constraint position 57 in the Timing Constraints window in Vivado IDE) between clocks mmcm0_clk0 and VIRTUAL_clk_out1_clk_wiz_0 overrides a set_max_delay -datapath_only (position 244). It is not recommended to override a set_max_delay -datapath_only constraint. Replace the set_clock_groups or set_false_path between clocks with point-to-point set_false_path constraints
Related violations: <none>

TIMING-24#123 Warning
Overridden Max delay datapath only  
An asynchronous set_clock_groups or a set_false path (see constraint position 57 in the Timing Constraints window in Vivado IDE) between clocks mmcm0_clk0 and VIRTUAL_clk_out1_clk_wiz_0 overrides a set_max_delay -datapath_only (position 245). It is not recommended to override a set_max_delay -datapath_only constraint. Replace the set_clock_groups or set_false_path between clocks with point-to-point set_false_path constraints
Related violations: <none>

TIMING-24#124 Warning
Overridden Max delay datapath only  
An asynchronous set_clock_groups or a set_false path (see constraint position 57 in the Timing Constraints window in Vivado IDE) between clocks mmcm0_clk0 and VIRTUAL_clk_out1_clk_wiz_0 overrides a set_max_delay -datapath_only (position 246). It is not recommended to override a set_max_delay -datapath_only constraint. Replace the set_clock_groups or set_false_path between clocks with point-to-point set_false_path constraints
Related violations: <none>

TIMING-24#125 Warning
Overridden Max delay datapath only  
An asynchronous set_clock_groups or a set_false path (see constraint position 57 in the Timing Constraints window in Vivado IDE) between clocks mmcm0_clk0 and VIRTUAL_clk_out1_clk_wiz_0 overrides a set_max_delay -datapath_only (position 247). It is not recommended to override a set_max_delay -datapath_only constraint. Replace the set_clock_groups or set_false_path between clocks with point-to-point set_false_path constraints
Related violations: <none>

TIMING-24#126 Warning
Overridden Max delay datapath only  
An asynchronous set_clock_groups or a set_false path (see constraint position 57 in the Timing Constraints window in Vivado IDE) between clocks mmcm0_clk0 and VIRTUAL_clk_out1_clk_wiz_0 overrides a set_max_delay -datapath_only (position 248). It is not recommended to override a set_max_delay -datapath_only constraint. Replace the set_clock_groups or set_false_path between clocks with point-to-point set_false_path constraints
Related violations: <none>

TIMING-24#127 Warning
Overridden Max delay datapath only  
An asynchronous set_clock_groups or a set_false path (see constraint position 57 in the Timing Constraints window in Vivado IDE) between clocks mmcm0_clk0 and VIRTUAL_clk_out1_clk_wiz_0 overrides a set_max_delay -datapath_only (position 249). It is not recommended to override a set_max_delay -datapath_only constraint. Replace the set_clock_groups or set_false_path between clocks with point-to-point set_false_path constraints
Related violations: <none>

TIMING-24#128 Warning
Overridden Max delay datapath only  
An asynchronous set_clock_groups or a set_false path (see constraint position 57 in the Timing Constraints window in Vivado IDE) between clocks mmcm0_clk0 and VIRTUAL_clk_out1_clk_wiz_0 overrides a set_max_delay -datapath_only (position 250). It is not recommended to override a set_max_delay -datapath_only constraint. Replace the set_clock_groups or set_false_path between clocks with point-to-point set_false_path constraints
Related violations: <none>

TIMING-24#129 Warning
Overridden Max delay datapath only  
An asynchronous set_clock_groups or a set_false path (see constraint position 57 in the Timing Constraints window in Vivado IDE) between clocks mmcm0_clk0 and VIRTUAL_clk_out1_clk_wiz_0 overrides a set_max_delay -datapath_only (position 251). It is not recommended to override a set_max_delay -datapath_only constraint. Replace the set_clock_groups or set_false_path between clocks with point-to-point set_false_path constraints
Related violations: <none>

TIMING-24#130 Warning
Overridden Max delay datapath only  
An asynchronous set_clock_groups or a set_false path (see constraint position 57 in the Timing Constraints window in Vivado IDE) between clocks mmcm0_clk0 and VIRTUAL_clk_out1_clk_wiz_0 overrides a set_max_delay -datapath_only (position 252). It is not recommended to override a set_max_delay -datapath_only constraint. Replace the set_clock_groups or set_false_path between clocks with point-to-point set_false_path constraints
Related violations: <none>

TIMING-24#131 Warning
Overridden Max delay datapath only  
An asynchronous set_clock_groups or a set_false path (see constraint position 57 in the Timing Constraints window in Vivado IDE) between clocks mmcm0_clk0 and VIRTUAL_clk_out1_clk_wiz_0 overrides a set_max_delay -datapath_only (position 65). It is not recommended to override a set_max_delay -datapath_only constraint. Replace the set_clock_groups or set_false_path between clocks with point-to-point set_false_path constraints
Related violations: <none>

TIMING-24#132 Warning
Overridden Max delay datapath only  
An asynchronous set_clock_groups or a set_false path (see constraint position 57 in the Timing Constraints window in Vivado IDE) between clocks mmcm0_clk0 and VIRTUAL_clk_out1_clk_wiz_0 overrides a set_max_delay -datapath_only (position 66). It is not recommended to override a set_max_delay -datapath_only constraint. Replace the set_clock_groups or set_false_path between clocks with point-to-point set_false_path constraints
Related violations: <none>

TIMING-24#133 Warning
Overridden Max delay datapath only  
An asynchronous set_clock_groups or a set_false path (see constraint position 57 in the Timing Constraints window in Vivado IDE) between clocks mmcm0_clk0 and VIRTUAL_clk_out1_clk_wiz_0 overrides a set_max_delay -datapath_only (position 67). It is not recommended to override a set_max_delay -datapath_only constraint. Replace the set_clock_groups or set_false_path between clocks with point-to-point set_false_path constraints
Related violations: <none>

TIMING-24#134 Warning
Overridden Max delay datapath only  
An asynchronous set_clock_groups or a set_false path (see constraint position 57 in the Timing Constraints window in Vivado IDE) between clocks mmcm0_clk0 and VIRTUAL_clk_out1_clk_wiz_0 overrides a set_max_delay -datapath_only (position 68). It is not recommended to override a set_max_delay -datapath_only constraint. Replace the set_clock_groups or set_false_path between clocks with point-to-point set_false_path constraints
Related violations: <none>

TIMING-24#135 Warning
Overridden Max delay datapath only  
An asynchronous set_clock_groups or a set_false path (see constraint position 57 in the Timing Constraints window in Vivado IDE) between clocks mmcm0_clk0 and VIRTUAL_clk_out1_clk_wiz_0 overrides a set_max_delay -datapath_only (position 69). It is not recommended to override a set_max_delay -datapath_only constraint. Replace the set_clock_groups or set_false_path between clocks with point-to-point set_false_path constraints
Related violations: <none>

TIMING-24#136 Warning
Overridden Max delay datapath only  
An asynchronous set_clock_groups or a set_false path (see constraint position 57 in the Timing Constraints window in Vivado IDE) between clocks mmcm0_clk0 and VIRTUAL_clk_out1_clk_wiz_0 overrides a set_max_delay -datapath_only (position 70). It is not recommended to override a set_max_delay -datapath_only constraint. Replace the set_clock_groups or set_false_path between clocks with point-to-point set_false_path constraints
Related violations: <none>

TIMING-24#137 Warning
Overridden Max delay datapath only  
An asynchronous set_clock_groups or a set_false path (see constraint position 57 in the Timing Constraints window in Vivado IDE) between clocks mmcm0_clk0 and VIRTUAL_clk_out1_clk_wiz_0 overrides a set_max_delay -datapath_only (position 71). It is not recommended to override a set_max_delay -datapath_only constraint. Replace the set_clock_groups or set_false_path between clocks with point-to-point set_false_path constraints
Related violations: <none>

TIMING-24#138 Warning
Overridden Max delay datapath only  
An asynchronous set_clock_groups or a set_false path (see constraint position 57 in the Timing Constraints window in Vivado IDE) between clocks mmcm0_clk0 and VIRTUAL_clk_out1_clk_wiz_0 overrides a set_max_delay -datapath_only (position 72). It is not recommended to override a set_max_delay -datapath_only constraint. Replace the set_clock_groups or set_false_path between clocks with point-to-point set_false_path constraints
Related violations: <none>

TIMING-24#139 Warning
Overridden Max delay datapath only  
An asynchronous set_clock_groups or a set_false path (see constraint position 57 in the Timing Constraints window in Vivado IDE) between clocks mmcm0_clk0 and VIRTUAL_clk_out1_clk_wiz_0 overrides a set_max_delay -datapath_only (position 73). It is not recommended to override a set_max_delay -datapath_only constraint. Replace the set_clock_groups or set_false_path between clocks with point-to-point set_false_path constraints
Related violations: <none>

TIMING-24#140 Warning
Overridden Max delay datapath only  
An asynchronous set_clock_groups or a set_false path (see constraint position 57 in the Timing Constraints window in Vivado IDE) between clocks mmcm0_clk0 and VIRTUAL_clk_out1_clk_wiz_0 overrides a set_max_delay -datapath_only (position 74). It is not recommended to override a set_max_delay -datapath_only constraint. Replace the set_clock_groups or set_false_path between clocks with point-to-point set_false_path constraints
Related violations: <none>

TIMING-24#141 Warning
Overridden Max delay datapath only  
An asynchronous set_clock_groups or a set_false path (see constraint position 57 in the Timing Constraints window in Vivado IDE) between clocks mmcm0_clk0 and VIRTUAL_clk_out1_clk_wiz_0 overrides a set_max_delay -datapath_only (position 75). It is not recommended to override a set_max_delay -datapath_only constraint. Replace the set_clock_groups or set_false_path between clocks with point-to-point set_false_path constraints
Related violations: <none>

TIMING-24#142 Warning
Overridden Max delay datapath only  
An asynchronous set_clock_groups or a set_false path (see constraint position 57 in the Timing Constraints window in Vivado IDE) between clocks mmcm0_clk0 and VIRTUAL_clk_out1_clk_wiz_0 overrides a set_max_delay -datapath_only (position 76). It is not recommended to override a set_max_delay -datapath_only constraint. Replace the set_clock_groups or set_false_path between clocks with point-to-point set_false_path constraints
Related violations: <none>

TIMING-24#143 Warning
Overridden Max delay datapath only  
An asynchronous set_clock_groups or a set_false path (see constraint position 57 in the Timing Constraints window in Vivado IDE) between clocks mmcm0_clk0 and VIRTUAL_clk_out1_clk_wiz_0 overrides a set_max_delay -datapath_only (position 77). It is not recommended to override a set_max_delay -datapath_only constraint. Replace the set_clock_groups or set_false_path between clocks with point-to-point set_false_path constraints
Related violations: <none>

TIMING-24#144 Warning
Overridden Max delay datapath only  
An asynchronous set_clock_groups or a set_false path (see constraint position 57 in the Timing Constraints window in Vivado IDE) between clocks mmcm0_clk0 and VIRTUAL_clk_out1_clk_wiz_0 overrides a set_max_delay -datapath_only (position 78). It is not recommended to override a set_max_delay -datapath_only constraint. Replace the set_clock_groups or set_false_path between clocks with point-to-point set_false_path constraints
Related violations: <none>

TIMING-24#145 Warning
Overridden Max delay datapath only  
An asynchronous set_clock_groups or a set_false path (see constraint position 57 in the Timing Constraints window in Vivado IDE) between clocks mmcm0_clk0 and VIRTUAL_clk_out1_clk_wiz_0 overrides a set_max_delay -datapath_only (position 79). It is not recommended to override a set_max_delay -datapath_only constraint. Replace the set_clock_groups or set_false_path between clocks with point-to-point set_false_path constraints
Related violations: <none>

TIMING-24#146 Warning
Overridden Max delay datapath only  
An asynchronous set_clock_groups or a set_false path (see constraint position 57 in the Timing Constraints window in Vivado IDE) between clocks mmcm0_clk0 and VIRTUAL_clk_out1_clk_wiz_0 overrides a set_max_delay -datapath_only (position 80). It is not recommended to override a set_max_delay -datapath_only constraint. Replace the set_clock_groups or set_false_path between clocks with point-to-point set_false_path constraints
Related violations: <none>

TIMING-24#147 Warning
Overridden Max delay datapath only  
An asynchronous set_clock_groups or a set_false path (see constraint position 57 in the Timing Constraints window in Vivado IDE) between clocks mmcm0_clk0 and VIRTUAL_clk_out1_clk_wiz_0 overrides a set_max_delay -datapath_only (position 81). It is not recommended to override a set_max_delay -datapath_only constraint. Replace the set_clock_groups or set_false_path between clocks with point-to-point set_false_path constraints
Related violations: <none>

TIMING-24#148 Warning
Overridden Max delay datapath only  
An asynchronous set_clock_groups or a set_false path (see constraint position 57 in the Timing Constraints window in Vivado IDE) between clocks mmcm0_clk0 and VIRTUAL_clk_out1_clk_wiz_0 overrides a set_max_delay -datapath_only (position 82). It is not recommended to override a set_max_delay -datapath_only constraint. Replace the set_clock_groups or set_false_path between clocks with point-to-point set_false_path constraints
Related violations: <none>

TIMING-24#149 Warning
Overridden Max delay datapath only  
An asynchronous set_clock_groups or a set_false path (see constraint position 57 in the Timing Constraints window in Vivado IDE) between clocks mmcm0_clk0 and VIRTUAL_clk_out1_clk_wiz_0 overrides a set_max_delay -datapath_only (position 83). It is not recommended to override a set_max_delay -datapath_only constraint. Replace the set_clock_groups or set_false_path between clocks with point-to-point set_false_path constraints
Related violations: <none>

TIMING-24#150 Warning
Overridden Max delay datapath only  
An asynchronous set_clock_groups or a set_false path (see constraint position 57 in the Timing Constraints window in Vivado IDE) between clocks mmcm0_clk0 and VIRTUAL_clk_out1_clk_wiz_0 overrides a set_max_delay -datapath_only (position 84). It is not recommended to override a set_max_delay -datapath_only constraint. Replace the set_clock_groups or set_false_path between clocks with point-to-point set_false_path constraints
Related violations: <none>

TIMING-24#151 Warning
Overridden Max delay datapath only  
An asynchronous set_clock_groups or a set_false path (see constraint position 57 in the Timing Constraints window in Vivado IDE) between clocks mmcm0_clk0 and VIRTUAL_clk_out1_clk_wiz_0 overrides a set_max_delay -datapath_only (position 85). It is not recommended to override a set_max_delay -datapath_only constraint. Replace the set_clock_groups or set_false_path between clocks with point-to-point set_false_path constraints
Related violations: <none>

TIMING-24#152 Warning
Overridden Max delay datapath only  
An asynchronous set_clock_groups or a set_false path (see constraint position 57 in the Timing Constraints window in Vivado IDE) between clocks mmcm0_clk0 and VIRTUAL_clk_out1_clk_wiz_0 overrides a set_max_delay -datapath_only (position 86). It is not recommended to override a set_max_delay -datapath_only constraint. Replace the set_clock_groups or set_false_path between clocks with point-to-point set_false_path constraints
Related violations: <none>

TIMING-24#153 Warning
Overridden Max delay datapath only  
An asynchronous set_clock_groups or a set_false path (see constraint position 57 in the Timing Constraints window in Vivado IDE) between clocks mmcm0_clk0 and VIRTUAL_clk_out1_clk_wiz_0 overrides a set_max_delay -datapath_only (position 87). It is not recommended to override a set_max_delay -datapath_only constraint. Replace the set_clock_groups or set_false_path between clocks with point-to-point set_false_path constraints
Related violations: <none>

TIMING-24#154 Warning
Overridden Max delay datapath only  
An asynchronous set_clock_groups or a set_false path (see constraint position 57 in the Timing Constraints window in Vivado IDE) between clocks mmcm0_clk0 and VIRTUAL_clk_out1_clk_wiz_0 overrides a set_max_delay -datapath_only (position 88). It is not recommended to override a set_max_delay -datapath_only constraint. Replace the set_clock_groups or set_false_path between clocks with point-to-point set_false_path constraints
Related violations: <none>

TIMING-24#155 Warning
Overridden Max delay datapath only  
An asynchronous set_clock_groups or a set_false path (see constraint position 57 in the Timing Constraints window in Vivado IDE) between clocks mmcm0_clk0 and VIRTUAL_clk_out1_clk_wiz_0 overrides a set_max_delay -datapath_only (position 89). It is not recommended to override a set_max_delay -datapath_only constraint. Replace the set_clock_groups or set_false_path between clocks with point-to-point set_false_path constraints
Related violations: <none>

TIMING-24#156 Warning
Overridden Max delay datapath only  
An asynchronous set_clock_groups or a set_false path (see constraint position 57 in the Timing Constraints window in Vivado IDE) between clocks mmcm0_clk0 and VIRTUAL_clk_out1_clk_wiz_0 overrides a set_max_delay -datapath_only (position 90). It is not recommended to override a set_max_delay -datapath_only constraint. Replace the set_clock_groups or set_false_path between clocks with point-to-point set_false_path constraints
Related violations: <none>

TIMING-24#157 Warning
Overridden Max delay datapath only  
An asynchronous set_clock_groups or a set_false path (see constraint position 57 in the Timing Constraints window in Vivado IDE) between clocks mmcm0_clk0 and VIRTUAL_clk_out1_clk_wiz_0 overrides a set_max_delay -datapath_only (position 91). It is not recommended to override a set_max_delay -datapath_only constraint. Replace the set_clock_groups or set_false_path between clocks with point-to-point set_false_path constraints
Related violations: <none>

TIMING-24#158 Warning
Overridden Max delay datapath only  
An asynchronous set_clock_groups or a set_false path (see constraint position 57 in the Timing Constraints window in Vivado IDE) between clocks mmcm0_clk0 and VIRTUAL_clk_out1_clk_wiz_0 overrides a set_max_delay -datapath_only (position 92). It is not recommended to override a set_max_delay -datapath_only constraint. Replace the set_clock_groups or set_false_path between clocks with point-to-point set_false_path constraints
Related violations: <none>

TIMING-24#159 Warning
Overridden Max delay datapath only  
An asynchronous set_clock_groups or a set_false path (see constraint position 57 in the Timing Constraints window in Vivado IDE) between clocks mmcm0_clk0 and VIRTUAL_clk_out1_clk_wiz_0 overrides a set_max_delay -datapath_only (position 93). It is not recommended to override a set_max_delay -datapath_only constraint. Replace the set_clock_groups or set_false_path between clocks with point-to-point set_false_path constraints
Related violations: <none>

TIMING-24#160 Warning
Overridden Max delay datapath only  
An asynchronous set_clock_groups or a set_false path (see constraint position 57 in the Timing Constraints window in Vivado IDE) between clocks mmcm0_clk0 and VIRTUAL_clk_out1_clk_wiz_0 overrides a set_max_delay -datapath_only (position 94). It is not recommended to override a set_max_delay -datapath_only constraint. Replace the set_clock_groups or set_false_path between clocks with point-to-point set_false_path constraints
Related violations: <none>

TIMING-24#161 Warning
Overridden Max delay datapath only  
An asynchronous set_clock_groups or a set_false path (see constraint position 57 in the Timing Constraints window in Vivado IDE) between clocks mmcm0_clk0 and VIRTUAL_clk_out1_clk_wiz_0 overrides a set_max_delay -datapath_only (position 95). It is not recommended to override a set_max_delay -datapath_only constraint. Replace the set_clock_groups or set_false_path between clocks with point-to-point set_false_path constraints
Related violations: <none>

TIMING-24#162 Warning
Overridden Max delay datapath only  
An asynchronous set_clock_groups or a set_false path (see constraint position 57 in the Timing Constraints window in Vivado IDE) between clocks mmcm0_clk0 and VIRTUAL_clk_out1_clk_wiz_0 overrides a set_max_delay -datapath_only (position 96). It is not recommended to override a set_max_delay -datapath_only constraint. Replace the set_clock_groups or set_false_path between clocks with point-to-point set_false_path constraints
Related violations: <none>

TIMING-47#1 Warning
False path, asynchronous clock group or max delay datapath only constraint between synchronous clocks  
A Clock Group timing constraint is set between synchronous clocks mmcm0_clk0 and VIRTUAL_clk_out1_clk_wiz_0 (see constraint position 57 in the Timing Constraint window in Vivado IDE). Masking entire synchronous clock domains via  set_false_path, set_clock_groups or set_max_delay -datapath_only may result in failure in hardware.
Related violations: <none>

XDCH-1#1 Warning
Hold option missing in multicycle path constraint  
A multicycle constraint has been set to override the setup relationship, but no multicycle constraint has been defined to change the hold relationship. As a result, the default hold for those paths is derived from the setup and may not be evaluated as expected.
set_multicycle_path -setup -from [get_ports [list {okUHU[0]} {okUHU[10]} {okUHU[11]} {okUHU[12]} {okUHU[13]} {okUHU[14]} {okUHU[15]} {okUHU[16]} {okUHU[17]} {okUHU[18]} {okUHU[19]} {okUHU[1]} {okUHU[20]} {okUHU[21]} {okUHU[22]} {okUHU[23]} {okUHU[24]} {okUHU[25]} {okUHU[26]} {okUHU[27]} {okUHU[28]} {okUHU[29]} {okUHU[2]} {okUHU[30]} {okUHU[31]} {okUHU[3]} {okUHU[4]} {okUHU[5]} {okUHU[6]} {okUHU[7]} {okUHU[8]} {okUHU[9]}]] 2
c:/Users/jains/OneDrive - UC San Diego/research/IFAT6/IFAT6_PCB/Verilog/IFAT6_PCB/IFAT6_PCB.gen/sources_1/ip/FrontPanel_IFAT6_1/gateware/synthesis/xem7310.xdc (Line: 24)
Related violations: <none>

XDCH-1#2 Warning
Hold option missing in multicycle path constraint  
A multicycle constraint has been set to override the setup relationship, but no multicycle constraint has been defined to change the hold relationship. As a result, the default hold for those paths is derived from the setup and may not be evaluated as expected.
set_multicycle_path -setup -from [get_ports [list {okUH[1]} {okUH[2]} {okUH[3]} {okUH[4]}]] 2
c:/Users/jains/OneDrive - UC San Diego/research/IFAT6/IFAT6_PCB/Verilog/IFAT6_PCB/IFAT6_PCB.gen/sources_1/ip/FrontPanel_IFAT6_1/gateware/synthesis/xem7310.xdc (Line: 20)
Related violations: <none>


