Copyright 1986-2022 Xilinx, Inc. All Rights Reserved. Copyright 2022-2024 Advanced Micro Devices, Inc. All Rights Reserved.
---------------------------------------------------------------------------------------------------------------------------------------------
| Tool Version : Vivado v.2023.2.2 (win64) Build 4126759 Thu Feb  8 23:53:51 MST 2024
| Date         : Thu Apr 18 13:54:21 2024
| Host         : IFAT running 64-bit major release  (build 9200)
| Command      : report_control_sets -verbose -file top_control_sets_placed.rpt
| Design       : top
| Device       : xc7a200t
---------------------------------------------------------------------------------------------------------------------------------------------

Control Set Information

Table of Contents
-----------------
1. Summary
2. Histogram
3. Flip-Flop Distribution
4. Detailed Control Set Information

1. Summary
----------

+----------------------------------------------------------+-------+
|                          Status                          | Count |
+----------------------------------------------------------+-------+
| Total control sets                                       |    71 |
|    Minimum number of control sets                        |    71 |
|    Addition due to synthesis replication                 |     0 |
|    Addition due to physical synthesis replication        |     0 |
| Unused register locations in slices containing registers |   154 |
+----------------------------------------------------------+-------+
* Control sets can be merged at opt_design using control_set_merge or merge_equivalent_drivers
** Run report_qor_suggestions for automated merging and remapping suggestions


2. Histogram
------------

+--------------------+-------+
|       Fanout       | Count |
+--------------------+-------+
| Total control sets |    71 |
| >= 0 to < 4        |     3 |
| >= 4 to < 6        |    19 |
| >= 6 to < 8        |     4 |
| >= 8 to < 10       |    10 |
| >= 10 to < 12      |     1 |
| >= 12 to < 14      |     4 |
| >= 14 to < 16      |     1 |
| >= 16              |    29 |
+--------------------+-------+
* Control sets can be remapped at either synth_design or opt_design


3. Flip-Flop Distribution
-------------------------

+--------------+-----------------------+------------------------+-----------------+--------------+
| Clock Enable | Synchronous Set/Reset | Asynchronous Set/Reset | Total Registers | Total Slices |
+--------------+-----------------------+------------------------+-----------------+--------------+
| No           | No                    | No                     |             158 |           59 |
| No           | No                    | Yes                    |              92 |           39 |
| No           | Yes                   | No                     |              22 |            8 |
| Yes          | No                    | No                     |             913 |          244 |
| Yes          | No                    | Yes                    |             222 |           60 |
| Yes          | Yes                   | No                     |             175 |           50 |
+--------------+-----------------------+------------------------+-----------------+--------------+


4. Detailed Control Set Information
-----------------------------------

+---------------------------+--------------------------------------------------------------------------------------------+------------------------------------------------------------------------------+------------------+----------------+--------------+
|        Clock Signal       |                                        Enable Signal                                       |                               Set/Reset Signal                               | Slice Load Count | Bel Load Count | Bels / Slice |
+---------------------------+--------------------------------------------------------------------------------------------+------------------------------------------------------------------------------+------------------+----------------+--------------+
|  OK_IFAT6/inst/okHI/okClk | OK_IFAT6/inst/okHI/core0/core0/a0/pc0/flag_enable                                          | OK_IFAT6/inst/okHI/core0/core0/a0/pc0/internal_reset                         |                1 |              2 |         2.00 |
|  OK_IFAT6/inst/okHI/okClk | OK_IFAT6/inst/wi05/ep_datahold[31]_i_1_n_0                                                 |                                                                              |                1 |              2 |         2.00 |
|  OK_IFAT6/inst/okHI/okClk |                                                                                            | OK_IFAT6/inst/okHI/core0/core0/a0/lc12c7095b9bc056c60880aeb6055afb1          |                2 |              3 |         1.50 |
|  OK_IFAT6/inst/okHI/okClk |                                                                                            | OK_IFAT6/inst/okHI/core0/core0/ld307737e57d50d07f937891de086bf8e_i_1_n_0     |                1 |              4 |         4.00 |
|  OK_IFAT6/inst/okHI/okClk |                                                                                            | OK_IFAT6/inst/okHI/core0/core0/a0/c0/l40d74558a9789e6c998b44ab9d6b8ab8_n_0   |                1 |              4 |         4.00 |
|  OK_IFAT6/inst/okHI/okClk | OK_IFAT6/inst/okHI/core0/core0/a0/l90ce46b343647bab4d280b5afc506219                        | OK_IFAT6/inst/okHI/core0/core0/a0/lc12c7095b9bc056c60880aeb6055afb1          |                2 |              4 |         2.00 |
|  OK_IFAT6/inst/okHI/okClk | OK_IFAT6/inst/wi04/ep_datahold[31]_i_1_n_0                                                 |                                                                              |                1 |              4 |         4.00 |
|  OK_IFAT6/inst/okHI/okClk | OK_IFAT6/inst/wi00/ep_datahold[31]_i_1_n_0                                                 |                                                                              |                1 |              4 |         4.00 |
|  OK_IFAT6/inst/okHI/okClk | OK_IFAT6/inst/wi06/ep_datahold[31]_i_1_n_0                                                 |                                                                              |                1 |              4 |         4.00 |
|  OK_IFAT6/inst/okHI/okClk | OK_IFAT6/inst/okHI/core0/core0/lb6baf4ff3bf7fd83f0e79fbcb46cd849[3]_i_1_n_0                |                                                                              |                1 |              4 |         4.00 |
|  OK_IFAT6/inst/okHI/okClk | OK_IFAT6/inst/okHI/core0/core0/FSM_sequential_l8ff940a6bfc33211f22a7ff95e39fe60[3]_i_1_n_0 |                                                                              |                2 |              4 |         2.00 |
|  OK_IFAT6/inst/okHI/okClk | OK_IFAT6/inst/okHI/core0/core0/a0/p_0_in0                                                  |                                                                              |                1 |              4 |         4.00 |
|  OK_IFAT6/inst/okHI/okClk | OK_IFAT6/inst/okHI/core0/core0/l885bbeb94996347da66a8546671e4990[19]_i_1_n_0               |                                                                              |                1 |              4 |         4.00 |
|  OK_IFAT6/inst/okHI/okClk | OK_IFAT6/inst/okHI/core0/core0/leeb76b405f165a9b4ab0606f3ea0b3c4[7]_i_1_n_0                |                                                                              |                1 |              4 |         4.00 |
|  OK_IFAT6/inst/okHI/okClk | OK_IFAT6/inst/wi02/ep_datahold[31]_i_1_n_0                                                 |                                                                              |                1 |              5 |         5.00 |
|  CLK_DAC/inst/clk_out1    | DAC5/i[4]_i_1__3_n_0                                                                       | OK_IFAT6/inst/wi00/ep_dataout[1]                                             |                2 |              5 |         2.50 |
|  OK_IFAT6/inst/okHI/okClk | OK_IFAT6/inst/wi03/ep_datahold[31]_i_1_n_0                                                 |                                                                              |                1 |              5 |         5.00 |
|  CLK_DAC/inst/clk_out1    | DAC4/i[4]_i_1__2_n_0                                                                       | OK_IFAT6/inst/wi00/ep_dataout[1]                                             |                1 |              5 |         5.00 |
|  CLK_DAC/inst/clk_out1    | DAC3/i[4]_i_1__1_n_0                                                                       | OK_IFAT6/inst/wi00/ep_dataout[1]                                             |                2 |              5 |         2.50 |
|  CLK_DAC/inst/clk_out1    | DAC2/i[4]_i_1__0_n_0                                                                       | OK_IFAT6/inst/wi00/ep_dataout[1]                                             |                2 |              5 |         2.50 |
|  CLK_DAC/inst/clk_out1    | DAC1/sel                                                                                   | OK_IFAT6/inst/wi00/ep_dataout[1]                                             |                3 |              5 |         1.67 |
|  OK_IFAT6/inst/okHI/okClk | OK_IFAT6/inst/okHI/core0/core0/FSM_sequential_l6d7b501652de6ba8ba55082874707b2a[4]_i_1_n_0 | OK_IFAT6/inst/okHI/okHC[38]                                                  |                5 |              5 |         1.00 |
|  OK_IFAT6/inst/okHI/okClk |                                                                                            | OK_IFAT6/inst/okHI/core0/core0/a0/pc0/internal_reset                         |                3 |              6 |         2.00 |
|  OK_IFAT6/inst/okHI/okClk | OK_IFAT6/inst/ti40/eptrig[31]_i_1_n_0                                                      |                                                                              |                2 |              6 |         3.00 |
|  OK_IFAT6/inst/okHI/okClk | OK_IFAT6/inst/okHI/core0/core0/a0/d0/lfd4ae1d2a2f83cc540ba2af5c1891381                     | OK_IFAT6/inst/okHI/okHC[38]                                                  |                2 |              6 |         3.00 |
|  OK_IFAT6/inst/okHI/okClk | OK_IFAT6/inst/okHI/core0/core0/l92ae5a5037b0cc87c9562f3e505d14cf[6]_i_2_n_0                | OK_IFAT6/inst/okHI/core0/core0/l92ae5a5037b0cc87c9562f3e505d14cf[6]_i_1_n_0  |                2 |              7 |         3.50 |
|  OK_IFAT6/inst/okHI/okClk | OK_IFAT6/inst/okHI/core0/core0/a0/l37dbd1aafb403530c46407234a8f7286                        |                                                                              |                4 |              8 |         2.00 |
|  OK_IFAT6/inst/okHI/okClk |                                                                                            | OK_IFAT6/inst/okHI/core0/core0/a0/l770e51175fa898662b06f9e3b71c7bff[7]       |                3 |              8 |         2.67 |
|  OK_IFAT6/inst/okHI/okClk | OK_IFAT6/inst/okHI/core0/core0/l350d3a095faafcfcc80a82d9f84ae4e0[7]_i_1_n_0                |                                                                              |                5 |              8 |         1.60 |
|  OK_IFAT6/inst/okHI/okClk | OK_IFAT6/inst/okHI/core0/core0/l885bbeb94996347da66a8546671e4990[7]_i_1_n_0                |                                                                              |                1 |              8 |         8.00 |
|  OK_IFAT6/inst/okHI/okClk | OK_IFAT6/inst/okHI/core0/core0/l885bbeb94996347da66a8546671e4990[15]_i_1_n_0               |                                                                              |                1 |              8 |         8.00 |
|  OK_IFAT6/inst/okHI/okClk | OK_IFAT6/inst/okHI/core0/core0/la3c64aadb28b65d3d578c9e403522ecb                           | OK_IFAT6/inst/okHI/okHC[38]                                                  |                3 |              8 |         2.67 |
|  OK_IFAT6/inst/okHI/okClk | OK_IFAT6/inst/okHI/core0/core0/l9f43dc9d3787a4c1395542a254aee157[7]_i_1_n_0                |                                                                              |                3 |              8 |         2.67 |
|  OK_IFAT6/inst/okHI/okClk | OK_IFAT6/inst/okHI/core0/core0/lbe59f904be1e8440c2d6333521aaa29a[7]_i_1_n_0                |                                                                              |                2 |              8 |         4.00 |
|  OK_IFAT6/inst/okHI/okClk | OK_IFAT6/inst/okHI/core0/core0/lbe9e64305a7a66df6a9cf6dc987a1803[7]_i_1_n_0                |                                                                              |                3 |              8 |         2.67 |
|  OK_IFAT6/inst/okHI/okClk | OK_IFAT6/inst/okHI/core0/core0/l99ec1ebd2d898e73a64819e166db6b96[7]_i_1_n_0                |                                                                              |                2 |              8 |         4.00 |
|  OK_IFAT6/inst/okHI/okClk | OK_IFAT6/inst/okHI/core0/core0/l84a7b0e1b51dfdd46f041d49e77ce017[23]_i_2_n_0               |                                                                              |                5 |             10 |         2.00 |
|  OK_IFAT6/inst/okHI/okClk | OK_IFAT6/inst/okHI/core0/core0/a0/cb0/U0/inst_fifo_gen/gconvfifo.rf/grf.rf/ram_wr_en       | OK_IFAT6/inst/okHI/core0/core0/a0/l62a5479e7989ce7f4d5507c695cc69cf          |                4 |             12 |         3.00 |
|  OK_IFAT6/inst/okHI/okClk | OK_IFAT6/inst/okHI/core0/core0/a0/cb0/U0/inst_fifo_gen/gconvfifo.rf/grf.rf/ram_rd_en       | OK_IFAT6/inst/okHI/core0/core0/a0/l62a5479e7989ce7f4d5507c695cc69cf          |                2 |             12 |         6.00 |
|  OK_IFAT6/inst/okHI/okClk | OK_IFAT6/inst/okHI/core0/core0/a0/pc0/WE                                                   | OK_IFAT6/inst/okHI/core0/core0/a0/pc0/internal_reset                         |                3 |             12 |         4.00 |
|  OK_IFAT6/inst/okHI/okClk | OK_IFAT6/inst/okHI/mmcm0_locked                                                            |                                                                              |                5 |             13 |         2.60 |
|  OK_IFAT6/inst/okHI/okClk | OK_IFAT6/inst/okHI/core0/core0/l84a7b0e1b51dfdd46f041d49e77ce017[23]_i_2_n_0               | OK_IFAT6/inst/okHI/core0/core0/l84a7b0e1b51dfdd46f041d49e77ce017[23]_i_1_n_0 |                5 |             14 |         2.80 |
|  OK_IFAT6/inst/okHI/okClk | OK_IFAT6/inst/okHI/core0/core0/lfa89f4c19946cfeedd23723568de9e12[15]_i_1_n_0               |                                                                              |                6 |             16 |         2.67 |
|  OK_IFAT6/inst/okHI/okClk | OK_IFAT6/inst/okHI/core0/core0/l436c8acfce09b790a2efb624a7c06514[15]_i_1_n_0               |                                                                              |                7 |             16 |         2.29 |
|  OK_IFAT6/inst/okHI/okClk | OK_IFAT6/inst/okHI/core0/core0/a0/pc0/WE                                                   |                                                                              |                2 |             16 |         8.00 |
|  OK_IFAT6/inst/okHI/okClk | OK_IFAT6/inst/okHI/core0/core0/a0/pc0/register_enable                                      |                                                                              |                2 |             16 |         8.00 |
|  OK_IFAT6/inst/okHI/okClk | OK_IFAT6/inst/okHI/core0/core0/a0/pc0/spm_enable                                           |                                                                              |                4 |             16 |         4.00 |
|  CLK_DAC/inst/clk_out1    |                                                                                            |                                                                              |                4 |             18 |         4.50 |
|  OK_IFAT6/inst/okHI/okClk | OK_IFAT6/inst/okHI/mmcm0_locked                                                            | OK_IFAT6/inst/okHI/core0/core0/l6f2981c23c5f98e0d9d0e1d5acd3307d[30]_i_1_n_0 |                5 |             20 |         4.00 |
|  CLK_DAC/inst/clk_out1    |                                                                                            | OK_IFAT6/inst/wi00/ep_dataout[1]                                             |               11 |             20 |         1.82 |
|  OK_IFAT6/inst/okHI/okClk | OK_IFAT6/inst/okHI/core0/core0/l4f8cd1ab062f5571ff66db47e3d281bf[19]_i_1_n_0               | OK_IFAT6/inst/okHI/core0/core0/a0/lc12c7095b9bc056c60880aeb6055afb1          |                5 |             21 |         4.20 |
|  OK_IFAT6/inst/okHI/okClk |                                                                                            | OK_IFAT6/inst/okHI/okHC[38]                                                  |               11 |             25 |         2.27 |
|  OK_IFAT6/inst/okHI/okClk | OK_IFAT6/inst/okHI/core0/core0/le78b033d3a3b15350c4085b407bdacef[31]_i_1_n_0               |                                                                              |               11 |             32 |         2.91 |
|  OK_IFAT6/inst/okHI/okClk | OK_IFAT6/inst/okHI/core0/core0/la531863f270e103597e1d9609a1ccaa8[31]_i_2_n_0               | OK_IFAT6/inst/okHI/core0/core0/la531863f270e103597e1d9609a1ccaa8[31]_i_1_n_0 |                9 |             32 |         3.56 |
|  OK_IFAT6/inst/okHI/okClk | OK_IFAT6/inst/okHI/core0/core0/lab8c81cec3709c0416d0acf79f37f087[31]_i_2_n_0               | OK_IFAT6/inst/okHI/core0/core0/lab8c81cec3709c0416d0acf79f37f087[31]_i_1_n_0 |               10 |             32 |         3.20 |
|  OK_IFAT6/inst/okHI/okClk | OK_IFAT6/inst/wi07/ep_datahold[31]_i_1_n_0                                                 |                                                                              |               10 |             32 |         3.20 |
|  OK_IFAT6/inst/okHI/okClk | OK_IFAT6/inst/wi08/ep_datahold[31]_i_1_n_0                                                 |                                                                              |                8 |             32 |         4.00 |
|  OK_IFAT6/inst/okHI/okClk | OK_IFAT6/inst/wi09/ep_datahold[31]_i_1_n_0                                                 |                                                                              |                6 |             32 |         5.33 |
|  OK_IFAT6/inst/okHI/okClk | OK_IFAT6/inst/wi0a/ep_datahold[31]_i_1_n_0                                                 |                                                                              |                7 |             32 |         4.57 |
|  OK_IFAT6/inst/okHI/okClk | OK_IFAT6/inst/wi0b/ep_datahold[31]_i_1_n_0                                                 |                                                                              |                9 |             32 |         3.56 |
|  OK_IFAT6/inst/okHI/okClk | OK_IFAT6/inst/wi0c/ep_datahold[31]_i_1_n_0                                                 |                                                                              |                7 |             32 |         4.57 |
|  OK_IFAT6/inst/okHI/okClk | ADC/ADC_OUT_2                                                                              | OK_IFAT6/inst/wi00/ep_dataout[2]                                             |                8 |             32 |         4.00 |
|  OK_IFAT6/inst/okHI/okClk | ADC/sample_cnt_1                                                                           | OK_IFAT6/inst/wi00/ep_dataout[2]                                             |                5 |             32 |         6.40 |
|  OK_IFAT6/inst/okHI/okClk | OK_IFAT6/inst/okHI/core0/core0/l0881048b06017db25aafb0dba883beb2[31]_i_2_n_0               | OK_IFAT6/inst/okHI/core0/core0/l0881048b06017db25aafb0dba883beb2[31]_i_1_n_0 |                9 |             32 |         3.56 |
|  OK_IFAT6/inst/okHI/okClk | OK_IFAT6/inst/okHI/core0/core0/a0/le7badcf1256ff8aabbffe7a6a1b38b5f_reg_inv_n_0            | OK_IFAT6/inst/okHI/core0/core0/a0/lc12c7095b9bc056c60880aeb6055afb1          |                8 |             32 |         4.00 |
|  OK_IFAT6/inst/okHI/okClk | OK_IFAT6/inst/wi01/ep_datahold[31]_i_1_n_0                                                 |                                                                              |                6 |             32 |         5.33 |
|  OK_IFAT6/inst/okHI/okClk |                                                                                            | OK_IFAT6/inst/wi00/ep_dataout[2]                                             |               15 |             44 |         2.93 |
|  OK_IFAT6/inst/okHI/okClk | OK_IFAT6/inst/okHI/core0/core0/le5e2e6110dd7478b8ed0143f21b04d30[56]_i_1_n_0               | OK_IFAT6/inst/okHI/okHC[38]                                                  |               12 |             57 |         4.75 |
|  OK_IFAT6/inst/okHI/okClk |                                                                                            |                                                                              |               55 |            140 |         2.55 |
|  OK_IFAT6/inst/okHI/okClk | ADS7067_Conv_Time                                                                          |                                                                              |               56 |            192 |         3.43 |
|  OK_IFAT6/inst/okHI/okClk | OK_IFAT6/inst/okHI/core0/core0/la3961964bfb74e16d8f10c3007437f68[44]                       |                                                                              |               66 |            296 |         4.48 |
+---------------------------+--------------------------------------------------------------------------------------------+------------------------------------------------------------------------------+------------------+----------------+--------------+


