CxlResult:/Volumes/export/isn/soumil/Xilinx/ifat6/pcb_ok_xem7310/pcb_ok_xem7310.cache/compile_simlib/xcelium/xtlm_ipc_v1_0/.cxl.systemc.xtlm_ipc_v1_0.xtlm_ipc_v1_0.lin64.rpt =
	ExecutionPlatform = lin64 ,
	SourceLibrary = xtlm_ipc_v1_0 ,
	SourcePath = /tools/Xilinx/Vivado/2022.1/data/systemc/simlibs/xtlm_ipc/xtlm_ipc_v1_0 ,
	Simulator = xcelium ,
	SimulatorVersion = 21.03-s002 ,
	CompiledLibrary = xtlm_ipc_v1_0 ,
	CompiledPath = /Volumes/export/isn/soumil/Xilinx/ifat6/pcb_ok_xem7310/pcb_ok_xem7310.cache/compile_simlib/xcelium/xtlm_ipc_v1_0 ,
	Timestamp = Mon Oct  3 15:39:19 2022 ,
	Time = 1664836759 ,
	Language = systemc ,
	XilinxVersion = 2022.1 ,
	LogFile = /Volumes/export/isn/soumil/Xilinx/ifat6/pcb_ok_xem7310/pcb_ok_xem7310.cache/compile_simlib/xcelium/xtlm_ipc_v1_0/.cxl.systemc.xtlm_ipc_v1_0.xtlm_ipc_v1_0.lin64.log ,
	NumOfErrors = 9 ,
	NumOfWarnings = 0 ,
	Error = /cad/installs/XCELIUM2103//tools.lnx86/bin/xmsc  -64bit -compiler /usr/bin/g++ -noedg -cFlags " -DSC_INCLUDE_DYNAMIC_PROCESSES -I/tools/Xilinx/Vivado/2022.1/data/systemc/simlibs/xtlm_ipc/xtlm_ipc_v1_0/include -I/Volumes/export/isn/soumil/Xilinx/ifat6/pcb_ok_xem7310/pcb_ok_xem7310.cache/compile_simlib/xcelium/xtlm/include -I/Volumes/export/isn/soumil/Xilinx/ifat6/pcb_ok_xem7310/pcb_ok_xem7310.cache/compile_simlib/xcelium/common_cpp_v1_0/include -I/tools/Xilinx/Vivado/2022.1/data/simmodels/xcelium/21.03.002/lnx64/9.3.0/ext/utils/protobuf/include -I/tools/Xilinx/Vivado/2022.1/tps/boost_1_72_0 -O3 -fPIC -std=c++11 -DCADENCE -c -o /Volumes/export/isn/soumil/Xilinx/ifat6/pcb_ok_xem7310/pcb_ok_xem7310.cache/compile_simlib/xcelium/xtlm_ipc_v1_0/xtlm_ipc_aximm.pb.o" -work xtlm_ipc_v1_0 /tools/Xilinx/Vivado/2022.1/data/systemc/simlibs/xtlm_ipc/xtlm_ipc_v1_0/src/xtlm_ipc_aximm.pb.cc ,
	Error = /cad/installs/XCELIUM2103//tools.lnx86/bin/xmsc  -64bit -compiler /usr/bin/g++ -noedg -cFlags " -DSC_INCLUDE_DYNAMIC_PROCESSES -I/tools/Xilinx/Vivado/2022.1/data/systemc/simlibs/xtlm_ipc/xtlm_ipc_v1_0/include -I/Volumes/export/isn/soumil/Xilinx/ifat6/pcb_ok_xem7310/pcb_ok_xem7310.cache/compile_simlib/xcelium/xtlm/include -I/Volumes/export/isn/soumil/Xilinx/ifat6/pcb_ok_xem7310/pcb_ok_xem7310.cache/compile_simlib/xcelium/common_cpp_v1_0/include -I/tools/Xilinx/Vivado/2022.1/data/simmodels/xcelium/21.03.002/lnx64/9.3.0/ext/utils/protobuf/include -I/tools/Xilinx/Vivado/2022.1/tps/boost_1_72_0 -O3 -fPIC -std=c++11 -DCADENCE -c -o /Volumes/export/isn/soumil/Xilinx/ifat6/pcb_ok_xem7310/pcb_ok_xem7310.cache/compile_simlib/xcelium/xtlm_ipc_v1_0/xtlm_ipc_axis.pb.o" -work xtlm_ipc_v1_0 /tools/Xilinx/Vivado/2022.1/data/systemc/simlibs/xtlm_ipc/xtlm_ipc_v1_0/src/xtlm_ipc_axis.pb.cc ,
	Error = /cad/installs/XCELIUM2103//tools.lnx86/bin/xmsc  -64bit -compiler /usr/bin/g++ -noedg -cFlags " -DSC_INCLUDE_DYNAMIC_PROCESSES -I/tools/Xilinx/Vivado/2022.1/data/systemc/simlibs/xtlm_ipc/xtlm_ipc_v1_0/include -I/Volumes/export/isn/soumil/Xilinx/ifat6/pcb_ok_xem7310/pcb_ok_xem7310.cache/compile_simlib/xcelium/xtlm/include -I/Volumes/export/isn/soumil/Xilinx/ifat6/pcb_ok_xem7310/pcb_ok_xem7310.cache/compile_simlib/xcelium/common_cpp_v1_0/include -I/tools/Xilinx/Vivado/2022.1/data/simmodels/xcelium/21.03.002/lnx64/9.3.0/ext/utils/protobuf/include -I/tools/Xilinx/Vivado/2022.1/tps/boost_1_72_0 -O3 -fPIC -std=c++11 -DCADENCE -c -o /Volumes/export/isn/soumil/Xilinx/ifat6/pcb_ok_xem7310/pcb_ok_xem7310.cache/compile_simlib/xcelium/xtlm_ipc_v1_0/xtlm_ipc_common.pb.o" -work xtlm_ipc_v1_0 /tools/Xilinx/Vivado/2022.1/data/systemc/simlibs/xtlm_ipc/xtlm_ipc_v1_0/src/xtlm_ipc_common.pb.cc ,
	Error = /cad/installs/XCELIUM2103//tools.lnx86/bin/xmsc  -64bit -compiler /usr/bin/g++ -noedg -cFlags " -DSC_INCLUDE_DYNAMIC_PROCESSES -I/tools/Xilinx/Vivado/2022.1/data/systemc/simlibs/xtlm_ipc/xtlm_ipc_v1_0/include -I/Volumes/export/isn/soumil/Xilinx/ifat6/pcb_ok_xem7310/pcb_ok_xem7310.cache/compile_simlib/xcelium/xtlm/include -I/Volumes/export/isn/soumil/Xilinx/ifat6/pcb_ok_xem7310/pcb_ok_xem7310.cache/compile_simlib/xcelium/common_cpp_v1_0/include -I/tools/Xilinx/Vivado/2022.1/data/simmodels/xcelium/21.03.002/lnx64/9.3.0/ext/utils/protobuf/include -I/tools/Xilinx/Vivado/2022.1/tps/boost_1_72_0 -O3 -fPIC -std=c++11 -DCADENCE -c -o /Volumes/export/isn/soumil/Xilinx/ifat6/pcb_ok_xem7310/pcb_ok_xem7310.cache/compile_simlib/xcelium/xtlm_ipc_v1_0/axi2ipc_socket.o" -work xtlm_ipc_v1_0 /tools/Xilinx/Vivado/2022.1/data/systemc/simlibs/xtlm_ipc/xtlm_ipc_v1_0/src/axi2ipc_socket.cpp ,
	Error = /cad/installs/XCELIUM2103//tools.lnx86/bin/xmsc  -64bit -compiler /usr/bin/g++ -noedg -cFlags " -DSC_INCLUDE_DYNAMIC_PROCESSES -I/tools/Xilinx/Vivado/2022.1/data/systemc/simlibs/xtlm_ipc/xtlm_ipc_v1_0/include -I/Volumes/export/isn/soumil/Xilinx/ifat6/pcb_ok_xem7310/pcb_ok_xem7310.cache/compile_simlib/xcelium/xtlm/include -I/Volumes/export/isn/soumil/Xilinx/ifat6/pcb_ok_xem7310/pcb_ok_xem7310.cache/compile_simlib/xcelium/common_cpp_v1_0/include -I/tools/Xilinx/Vivado/2022.1/data/simmodels/xcelium/21.03.002/lnx64/9.3.0/ext/utils/protobuf/include -I/tools/Xilinx/Vivado/2022.1/tps/boost_1_72_0 -O3 -fPIC -std=c++11 -DCADENCE -c -o /Volumes/export/isn/soumil/Xilinx/ifat6/pcb_ok_xem7310/pcb_ok_xem7310.cache/compile_simlib/xcelium/xtlm_ipc_v1_0/ipc2axi_socket.o" -work xtlm_ipc_v1_0 /tools/Xilinx/Vivado/2022.1/data/systemc/simlibs/xtlm_ipc/xtlm_ipc_v1_0/src/ipc2axi_socket.cpp ,
	Error = /cad/installs/XCELIUM2103//tools.lnx86/bin/xmsc  -64bit -compiler /usr/bin/g++ -noedg -cFlags " -DSC_INCLUDE_DYNAMIC_PROCESSES -I/tools/Xilinx/Vivado/2022.1/data/systemc/simlibs/xtlm_ipc/xtlm_ipc_v1_0/include -I/Volumes/export/isn/soumil/Xilinx/ifat6/pcb_ok_xem7310/pcb_ok_xem7310.cache/compile_simlib/xcelium/xtlm/include -I/Volumes/export/isn/soumil/Xilinx/ifat6/pcb_ok_xem7310/pcb_ok_xem7310.cache/compile_simlib/xcelium/common_cpp_v1_0/include -I/tools/Xilinx/Vivado/2022.1/data/simmodels/xcelium/21.03.002/lnx64/9.3.0/ext/utils/protobuf/include -I/tools/Xilinx/Vivado/2022.1/tps/boost_1_72_0 -O3 -fPIC -std=c++11 -DCADENCE -c -o /Volumes/export/isn/soumil/Xilinx/ifat6/pcb_ok_xem7310/pcb_ok_xem7310.cache/compile_simlib/xcelium/xtlm_ipc_v1_0/ipc2axis_socket.o" -work xtlm_ipc_v1_0 /tools/Xilinx/Vivado/2022.1/data/systemc/simlibs/xtlm_ipc/xtlm_ipc_v1_0/src/ipc2axis_socket.cpp ,
	Error = /cad/installs/XCELIUM2103//tools.lnx86/bin/xmsc  -64bit -compiler /usr/bin/g++ -noedg -cFlags " -DSC_INCLUDE_DYNAMIC_PROCESSES -I/tools/Xilinx/Vivado/2022.1/data/systemc/simlibs/xtlm_ipc/xtlm_ipc_v1_0/include -I/Volumes/export/isn/soumil/Xilinx/ifat6/pcb_ok_xem7310/pcb_ok_xem7310.cache/compile_simlib/xcelium/xtlm/include -I/Volumes/export/isn/soumil/Xilinx/ifat6/pcb_ok_xem7310/pcb_ok_xem7310.cache/compile_simlib/xcelium/common_cpp_v1_0/include -I/tools/Xilinx/Vivado/2022.1/data/simmodels/xcelium/21.03.002/lnx64/9.3.0/ext/utils/protobuf/include -I/tools/Xilinx/Vivado/2022.1/tps/boost_1_72_0 -O3 -fPIC -std=c++11 -DCADENCE -c -o /Volumes/export/isn/soumil/Xilinx/ifat6/pcb_ok_xem7310/pcb_ok_xem7310.cache/compile_simlib/xcelium/xtlm_ipc_v1_0/axis2ipc_socket.o" -work xtlm_ipc_v1_0 /tools/Xilinx/Vivado/2022.1/data/systemc/simlibs/xtlm_ipc/xtlm_ipc_v1_0/src/axis2ipc_socket.cpp ,
	Error = /cad/installs/XCELIUM2103//tools.lnx86/bin/xmsc  -64bit -compiler /usr/bin/g++ -noedg -cFlags " -DSC_INCLUDE_DYNAMIC_PROCESSES -I/tools/Xilinx/Vivado/2022.1/data/systemc/simlibs/xtlm_ipc/xtlm_ipc_v1_0/include -I/Volumes/export/isn/soumil/Xilinx/ifat6/pcb_ok_xem7310/pcb_ok_xem7310.cache/compile_simlib/xcelium/xtlm/include -I/Volumes/export/isn/soumil/Xilinx/ifat6/pcb_ok_xem7310/pcb_ok_xem7310.cache/compile_simlib/xcelium/common_cpp_v1_0/include -I/tools/Xilinx/Vivado/2022.1/data/simmodels/xcelium/21.03.002/lnx64/9.3.0/ext/utils/protobuf/include -I/tools/Xilinx/Vivado/2022.1/tps/boost_1_72_0 -O3 -fPIC -std=c++11 -DCADENCE -c -o /Volumes/export/isn/soumil/Xilinx/ifat6/pcb_ok_xem7310/pcb_ok_xem7310.cache/compile_simlib/xcelium/xtlm_ipc_v1_0/ipc2aximm_socket.o" -work xtlm_ipc_v1_0 /tools/Xilinx/Vivado/2022.1/data/systemc/simlibs/xtlm_ipc/xtlm_ipc_v1_0/src/ipc2aximm_socket.cpp ,
	Error = /cad/installs/XCELIUM2103//tools.lnx86/bin/xmsc  -64bit -compiler /usr/bin/g++ -noedg -cFlags " -DSC_INCLUDE_DYNAMIC_PROCESSES -I/tools/Xilinx/Vivado/2022.1/data/systemc/simlibs/xtlm_ipc/xtlm_ipc_v1_0/include -I/Volumes/export/isn/soumil/Xilinx/ifat6/pcb_ok_xem7310/pcb_ok_xem7310.cache/compile_simlib/xcelium/xtlm/include -I/Volumes/export/isn/soumil/Xilinx/ifat6/pcb_ok_xem7310/pcb_ok_xem7310.cache/compile_simlib/xcelium/common_cpp_v1_0/include -I/tools/Xilinx/Vivado/2022.1/data/simmodels/xcelium/21.03.002/lnx64/9.3.0/ext/utils/protobuf/include -I/tools/Xilinx/Vivado/2022.1/tps/boost_1_72_0 -O3 -fPIC -std=c++11 -DCADENCE -c -o /Volumes/export/isn/soumil/Xilinx/ifat6/pcb_ok_xem7310/pcb_ok_xem7310.cache/compile_simlib/xcelium/xtlm_ipc_v1_0/aximm2ipc_socket.o" -work xtlm_ipc_v1_0 /tools/Xilinx/Vivado/2022.1/data/systemc/simlibs/xtlm_ipc/xtlm_ipc_v1_0/src/aximm2ipc_socket.cpp ,
